2026-05-25 04:07:54 [INFO]: 🚀 ERP Server running on port 5000 in development mode
2026-05-25 04:07:54 [INFO]: 📊 API: http://localhost:5000/api
2026-05-25 04:07:54 [INFO]: 🔌 Socket.IO: ws://localhost:5000
2026-05-25 04:07:54 [INFO]: ❤️  Health: http://localhost:5000/health
2026-05-25 04:07:56 [INFO]: Database connected successfully at Mon May 25 2026 04:07:58 GMT+0530 (India Standard Time)
2026-05-25 04:07:56 [INFO]: ✅ Database connected
2026-05-25 04:07:56 [INFO]: ✅ Redis connected
2026-05-25 04:07:56 [INFO]: SMTP READY
2026-05-25 04:09:22 [ERROR]: Error: Invalid email or password {"url":"/api/auth/login","method":"POST"}
Error: Invalid email or password
    at AuthService.login (C:\Users\kajal\OneDrive\Desktop\subscription\backend\src\services\auth.service.js:77:22)
    at process.processTicksAndRejections (node:internal/process/task_queues:105:5)
    at async login (C:\Users\kajal\OneDrive\Desktop\subscription\backend\src\controllers\auth.controller.js:49:20)
2026-05-25 04:12:46 [ERROR]: Error: Invalid email or password {"url":"/api/auth/login","method":"POST"}
Error: Invalid email or password
    at AuthService.login (C:\Users\kajal\OneDrive\Desktop\subscription\backend\src\services\auth.service.js:77:22)
    at process.processTicksAndRejections (node:internal/process/task_queues:105:5)
    at async login (C:\Users\kajal\OneDrive\Desktop\subscription\backend\src\controllers\auth.controller.js:49:20)
2026-05-25 04:13:02 [ERROR]: Error: Invalid email or password {"url":"/api/auth/login","method":"POST"}
Error: Invalid email or password
    at AuthService.login (C:\Users\kajal\OneDrive\Desktop\subscription\backend\src\services\auth.service.js:77:22)
    at process.processTicksAndRejections (node:internal/process/task_queues:105:5)
    at async login (C:\Users\kajal\OneDrive\Desktop\subscription\backend\src\controllers\auth.controller.js:49:20)
2026-05-25 04:14:49 [ERROR]: Error: Invalid email or password {"url":"/api/auth/login","method":"POST"}
Error: Invalid email or password
    at AuthService.login (C:\Users\kajal\OneDrive\Desktop\subscription\backend\src\services\auth.service.js:77:22)
    at process.processTicksAndRejections (node:internal/process/task_queues:105:5)
    at async login (C:\Users\kajal\OneDrive\Desktop\subscription\backend\src\controllers\auth.controller.js:49:20)
2026-05-25 04:15:20 [INFO]: Socket connected: y-Yg6UW1swYNv_s0AAAB (user: cfc2c2df-0ca8-4f06-a42e-d98f24e0e562)
2026-05-25 04:15:22 [WARN]: Slow query detected {"query":"SELECT COUNT(*) AS total,\n           COUNT(*) FILTER (WHERE status = 'dispatched') AS in_transit,\n           COUNT(*) FILTER (WHERE status = 'delivered') AS delivered,\n           COUNT(*) FILTER (WHERE expected_delivery_date < CURRENT_DATE AND status NOT IN ('delivered','returned')) AS delayed\n         FROM dispatches WHERE company_id = $1 AND deleted_at IS NULL\n         AND created_at >= NOW() - INTERVAL '30 days'","duration":"1026ms","rows":1}
2026-05-25 04:15:22 [WARN]: Slow query detected {"query":"SELECT COUNT(*) AS total_materials,\n           COALESCE(SUM(current_stock * purchase_rate), 0) AS stock_value,\n           COUNT(*) FILTER (WHERE current_stock <= minimum_stock) AS low_stock_count,\n           COUNT(*) FILTER (WHERE current_stock = 0) AS out_of_stock\n         FROM materials WHERE company_id = $1 AND is_active = TRUE AND deleted_at IS NULL","duration":"1351ms","rows":1}
2026-05-25 04:15:22 [WARN]: Slow query detected {"query":"SELECT COALESCE(SUM(net_amount), 0) AS total_revenue,\n           COALESCE(SUM(net_amount) FILTER (WHERE payment_status = 'paid'), 0) AS paid_revenue,\n           COALESCE(SUM(balance_amount) FILTER (WHERE payment_status != 'paid'), 0) AS pending_revenue,\n           COUNT(*) AS total_invoices\n         FROM invoices WHERE company_id = $1 AND deleted_at IS NULL\n         AND invoice_date >= NOW() - INTERVAL '30 days'","duration":"1561ms","rows":1}
2026-05-25 04:15:23 [WARN]: Slow query detected {"query":"SELECT status, COUNT(*) AS count FROM production_orders\n         WHERE company_id = $1 AND deleted_at IS NULL\n         AND created_at >= NOW() - INTERVAL '30 days'\n         GROUP BY status","duration":"1787ms","rows":3}
2026-05-25 04:15:23 [WARN]: Slow query detected {"query":"SELECT status, COUNT(*) AS count FROM dispatches\n         WHERE company_id = $1 AND deleted_at IS NULL\n         AND created_at >= NOW() - INTERVAL '30 days'\n         GROUP BY status","duration":"1786ms","rows":0}
2026-05-25 04:15:23 [WARN]: Slow query detected {"query":"SELECT COUNT(*) FROM materials WHERE company_id = $1 AND current_stock <= minimum_stock AND is_active = TRUE AND deleted_at IS NULL","duration":"1778ms","rows":1}
2026-05-25 04:15:23 [WARN]: Slow query detected {"query":"SELECT code, name, icon, route, sort_order FROM modules WHERE is_active=TRUE ORDER BY sort_order","duration":"1824ms","rows":8}
2026-05-25 04:15:23 [WARN]: Slow query detected {"query":"SELECT DATE(invoice_date) AS date, COALESCE(SUM(net_amount), 0) AS revenue, COUNT(*) AS invoices\n         FROM invoices\n         WHERE company_id = $1 AND deleted_at IS NULL\n         AND invoice_date >= NOW() - INTERVAL '30 days'\n         GROUP BY DATE(invoice_date) ORDER BY date","duration":"1861ms","rows":0}
2026-05-25 04:15:23 [WARN]: Slow query detected {"query":"SELECT COUNT(*), COALESCE(SUM(balance_amount), 0) AS amount\n         FROM invoices WHERE company_id = $1 AND payment_status != 'paid' AND deleted_at IS NULL","duration":"1952ms","rows":1}
2026-05-25 04:15:23 [WARN]: Slow query detected {"query":"SELECT po.id, po.order_number, po.status, po.priority,\n              po.planned_start_date, po.planned_end_date, po.actual_start_date, po.actual_end_date,\n              m.name AS product_name,\n              ws.name AS current_stage, ws.color AS stage_color,\n              CASE WHEN po.planned_end_date < CURRENT_DATE AND po.status NOT IN ('completed','cancelled') THEN TRUE ELSE FALSE END AS is_delayed\n       FROM production_orders po\n       LEFT JOIN materials m ON po.product_material_id = m.id\n       LEFT JOIN workflow_stages ws ON po.current_stage_id = ws.id\n       WHERE po.company_id = $1 AND po.deleted_at IS NULL\n       AND po.status NOT IN ('cancelled')\n       ORDER BY po.planned_start_date ASC\n       LIMIT 50","duration":"1954ms","rows":4}
2026-05-25 04:15:23 [WARN]: Slow query detected {"query":"SELECT m.id, m.code, m.name, m.unit, m.current_stock, m.minimum_stock,\n              m.reorder_level, m.reorder_quantity, m.purchase_rate,\n              mc.name AS category_name, w.name AS warehouse_name,\n              s.name AS supplier_name, s.contact_person AS supplier_contact, s.phone AS supplier_phone\n       FROM materials m\n       LEFT JOIN material_categories mc ON m.category_id = mc.id\n       LEFT JOIN warehouses w ON m.warehouse_id = w.id\n       LEFT JOIN suppliers s ON m.supplier_id = s.id\n       WHERE m.company_id = $1 AND m.current_stock <= m.minimum_stock\n       AND m.is_active = TRUE AND m.deleted_at IS NULL\n       ORDER BY (m.current_stock / NULLIF(m.minimum_stock, 0)) ASC\n       LIMIT 20","duration":"1977ms","rows":11}
2026-05-25 04:29:05 [INFO]: 🚀 ERP Server running on port 5000 in development mode
2026-05-25 04:29:05 [INFO]: 📊 API: http://localhost:5000/api
2026-05-25 04:29:05 [INFO]: 🔌 Socket.IO: ws://localhost:5000
2026-05-25 04:29:05 [INFO]: ❤️  Health: http://localhost:5000/health
2026-05-25 04:29:07 [INFO]: SMTP READY
2026-05-25 04:29:07 [INFO]: Database connected successfully at Mon May 25 2026 04:29:09 GMT+0530 (India Standard Time)
2026-05-25 04:29:07 [INFO]: ✅ Database connected
2026-05-25 04:29:07 [INFO]: ✅ Redis connected
2026-05-25 04:29:27 [WARN]: Slow query detected {"query":"SELECT * FROM material_categories WHERE company_id = $1 AND is_active = TRUE ORDER BY name","duration":"1392ms","rows":2}
2026-05-25 04:29:27 [WARN]: Slow query detected {"query":"SELECT COUNT(*) FROM materials m WHERE m.company_id = $1 AND m.deleted_at IS NULL","duration":"1413ms","rows":1}
2026-05-25 04:29:27 [WARN]: Slow query detected {"query":"SELECT COUNT(*) FROM notifications WHERE user_id = $1 AND company_id = $2 AND is_read = FALSE","duration":"1428ms","rows":1}
2026-05-25 04:29:27 [WARN]: Slow query detected {"query":"SELECT m.*, mc.name AS category_name, w.name AS warehouse_name,\n                s.name AS supplier_name, wr.rack_code, wr.bin_code\n         FROM materials m\n         LEFT JOIN material_categories mc ON m.category_id = mc.id\n         LEFT JOIN warehouses w ON m.warehouse_id = w.id\n         LEFT JOIN suppliers s ON m.supplier_id = s.id\n         LEFT JOIN warehouse_racks wr ON m.rack_id = wr.id\n         WHERE m.company_id = $1 AND m.deleted_at IS NULL\n         ORDER BY m.name ASC\n         LIMIT $2 OFFSET $3","duration":"1439ms","rows":17}
2026-05-25 04:30:41 [WARN]: Retrying query after connection error:
2026-05-25 04:30:42 [WARN]: Slow query detected {"query":"SELECT * FROM material_categories WHERE company_id = $1 AND is_active = TRUE ORDER BY name","duration":"12228ms","rows":2}
2026-05-25 04:30:42 [WARN]: Slow query detected {"query":"SELECT m.*, mc.name AS category_name, w.name AS warehouse_name,\n                s.name AS supplier_name, wr.rack_code, wr.bin_code\n         FROM materials m\n         LEFT JOIN material_categories mc ON m.category_id = mc.id\n         LEFT JOIN warehouses w ON m.warehouse_id = w.id\n         LEFT JOIN suppliers s ON m.supplier_id = s.id\n         LEFT JOIN warehouse_racks wr ON m.rack_id = wr.id\n         WHERE m.company_id = $1 AND m.deleted_at IS NULL\n         ORDER BY m.name ASC\n         LIMIT $2 OFFSET $3","duration":"12243ms","rows":17}
2026-05-25 04:30:51 [INFO]: SIGINT received. Shutting down gracefully...
2026-05-25 05:33:13 [INFO]: 🚀 ERP Server running on port 5000 in development mode
2026-05-25 05:33:13 [INFO]: 📊 API: http://localhost:5000/api
2026-05-25 05:33:13 [INFO]: 🔌 Socket.IO: ws://localhost:5000
2026-05-25 05:33:13 [INFO]: ❤️  Health: http://localhost:5000/health
2026-05-25 05:33:14 [INFO]: Database connected successfully at Mon May 25 2026 05:33:16 GMT+0530 (India Standard Time)
2026-05-25 05:33:14 [INFO]: ✅ Database connected
2026-05-25 05:33:14 [INFO]: ✅ Redis connected
2026-05-25 05:33:15 [INFO]: SMTP READY
2026-05-25 05:33:57 [WARN]: Slow query detected {"query":"SELECT COUNT(*) FROM notifications WHERE user_id = $1 AND company_id = $2 AND is_read = FALSE","duration":"1182ms","rows":1}
2026-05-25 05:33:57 [WARN]: Slow query detected {"query":"SELECT * FROM material_categories WHERE company_id = $1 AND is_active = TRUE ORDER BY name","duration":"1395ms","rows":2}
2026-05-25 05:33:57 [WARN]: Slow query detected {"query":"SELECT m.*, mc.name AS category_name, w.name AS warehouse_name,\n                s.name AS supplier_name, wr.rack_code, wr.bin_code\n         FROM materials m\n         LEFT JOIN material_categories mc ON m.category_id = mc.id\n         LEFT JOIN warehouses w ON m.warehouse_id = w.id\n         LEFT JOIN suppliers s ON m.supplier_id = s.id\n         LEFT JOIN warehouse_racks wr ON m.rack_id = wr.id\n         WHERE m.company_id = $1 AND m.deleted_at IS NULL\n         ORDER BY m.name ASC\n         LIMIT $2 OFFSET $3","duration":"1411ms","rows":17}
2026-05-25 05:33:57 [WARN]: Slow query detected {"query":"SELECT COUNT(*) FROM materials m WHERE m.company_id = $1 AND m.deleted_at IS NULL","duration":"1411ms","rows":1}
2026-05-25 05:34:16 [WARN]: Retrying query after connection error:
2026-05-25 05:34:17 [WARN]: Retrying query after connection error:
2026-05-25 05:34:17 [WARN]: Retrying query after connection error:
2026-05-25 05:34:17 [WARN]: Retrying query after connection error:
2026-05-25 05:34:17 [WARN]: Retrying query after connection error:
2026-05-25 05:34:17 [WARN]: Slow query detected {"query":"SELECT m.*, mc.name AS category_name, w.name AS warehouse_name,\n                s.name AS supplier_name, wr.rack_code, wr.bin_code\n         FROM materials m\n         LEFT JOIN material_categories mc ON m.category_id = mc.id\n         LEFT JOIN warehouses w ON m.warehouse_id = w.id\n         LEFT JOIN suppliers s ON m.supplier_id = s.id\n         LEFT JOIN warehouse_racks wr ON m.rack_id = wr.id\n         WHERE m.company_id = $1 AND m.deleted_at IS NULL\n         ORDER BY m.name ASC\n         LIMIT $2 OFFSET $3","duration":"4748ms","rows":17}
2026-05-25 05:34:18 [WARN]: Slow query detected {"query":"SELECT COUNT(*) FROM materials m WHERE m.company_id = $1 AND m.deleted_at IS NULL","duration":"5376ms","rows":1}
2026-05-25 05:34:18 [WARN]: Slow query detected {"query":"SELECT COUNT(*) FROM suppliers WHERE company_id = $1 AND deleted_at IS NULL","duration":"1723ms","rows":1}
2026-05-25 05:34:18 [WARN]: Slow query detected {"query":"SELECT * FROM suppliers WHERE company_id = $1 AND deleted_at IS NULL ORDER BY name LIMIT $2 OFFSET $3","duration":"1034ms","rows":3}
2026-05-25 05:34:19 [WARN]: Slow query detected {"query":"SELECT * FROM material_categories WHERE company_id = $1 AND is_active = TRUE ORDER BY name","duration":"5747ms","rows":2}
2026-05-25 20:09:05 [INFO]: 🚀 ERP Server running on port 5000 in development mode
2026-05-25 20:09:05 [INFO]: 📊 API: http://localhost:5000/api
2026-05-25 20:09:05 [INFO]: 🔌 Socket.IO: ws://localhost:5000
2026-05-25 20:09:05 [INFO]: ❤️  Health: http://localhost:5000/health
2026-05-25 20:09:07 [INFO]: Database connected successfully at Mon May 25 2026 20:09:07 GMT+0530 (India Standard Time)
2026-05-25 20:09:07 [INFO]: ✅ Database connected
2026-05-25 20:09:07 [INFO]: ✅ Redis connected
2026-05-25 20:09:07 [INFO]: SMTP READY
2026-05-25 20:09:42 [ERROR]: Error: Session expired. Please log in again. {"url":"/api/auth/refresh-token","method":"POST"}
Error: Session expired. Please log in again.
    at AuthService.refreshToken (C:\Users\kajal\OneDrive\Desktop\subscription\backend\src\services\auth.service.js:163:13)
    at process.processTicksAndRejections (node:internal/process/task_queues:105:5)
    at async refreshToken (C:\Users\kajal\OneDrive\Desktop\subscription\backend\src\controllers\auth.controller.js:90:20)
2026-05-25 20:09:42 [ERROR]: Error: jwt expired {"url":"/api/subscription/modules","method":"GET"}
TokenExpiredError: jwt expired
    at C:\Users\kajal\OneDrive\Desktop\subscription\backend\node_modules\jsonwebtoken\verify.js:190:21
    at getSecret (C:\Users\kajal\OneDrive\Desktop\subscription\backend\node_modules\jsonwebtoken\verify.js:97:14)
    at module.exports [as verify] (C:\Users\kajal\OneDrive\Desktop\subscription\backend\node_modules\jsonwebtoken\verify.js:101:10)
    at authenticate (C:\Users\kajal\OneDrive\Desktop\subscription\backend\src\middleware\auth.js:14:25)
    at newFn (C:\Users\kajal\OneDrive\Desktop\subscription\backend\node_modules\express-async-errors\index.js:16:20)
    at Layer.handle [as handle_request] (C:\Users\kajal\OneDrive\Desktop\subscription\backend\node_modules\express\lib\router\layer.js:95:5)
    at trim_prefix (C:\Users\kajal\OneDrive\Desktop\subscription\backend\node_modules\express\lib\router\index.js:328:13)
    at C:\Users\kajal\OneDrive\Desktop\subscription\backend\node_modules\express\lib\router\index.js:286:9
    at Function.process_params (C:\Users\kajal\OneDrive\Desktop\subscription\backend\node_modules\express\lib\router\index.js:346:12)
    at next (C:\Users\kajal\OneDrive\Desktop\subscription\backend\node_modules\express\lib\router\index.js:280:10)
2026-05-25 20:09:42 [ERROR]: Error: jwt expired {"url":"/api/dashboard/stats?period=30","method":"GET"}
TokenExpiredError: jwt expired
    at C:\Users\kajal\OneDrive\Desktop\subscription\backend\node_modules\jsonwebtoken\verify.js:190:21
    at getSecret (C:\Users\kajal\OneDrive\Desktop\subscription\backend\node_modules\jsonwebtoken\verify.js:97:14)
    at module.exports [as verify] (C:\Users\kajal\OneDrive\Desktop\subscription\backend\node_modules\jsonwebtoken\verify.js:101:10)
    at authenticate (C:\Users\kajal\OneDrive\Desktop\subscription\backend\src\middleware\auth.js:14:25)
    at newFn (C:\Users\kajal\OneDrive\Desktop\subscription\backend\node_modules\express-async-errors\index.js:16:20)
    at Layer.handle [as handle_request] (C:\Users\kajal\OneDrive\Desktop\subscription\backend\node_modules\express\lib\router\layer.js:95:5)
    at trim_prefix (C:\Users\kajal\OneDrive\Desktop\subscription\backend\node_modules\express\lib\router\index.js:328:13)
    at C:\Users\kajal\OneDrive\Desktop\subscription\backend\node_modules\express\lib\router\index.js:286:9
    at Function.process_params (C:\Users\kajal\OneDrive\Desktop\subscription\backend\node_modules\express\lib\router\index.js:346:12)
    at next (C:\Users\kajal\OneDrive\Desktop\subscription\backend\node_modules\express\lib\router\index.js:280:10)
2026-05-25 20:09:42 [ERROR]: Error: jwt expired {"url":"/api/notifications/unread-count","method":"GET"}
TokenExpiredError: jwt expired
    at C:\Users\kajal\OneDrive\Desktop\subscription\backend\node_modules\jsonwebtoken\verify.js:190:21
    at getSecret (C:\Users\kajal\OneDrive\Desktop\subscription\backend\node_modules\jsonwebtoken\verify.js:97:14)
    at module.exports [as verify] (C:\Users\kajal\OneDrive\Desktop\subscription\backend\node_modules\jsonwebtoken\verify.js:101:10)
    at authenticate (C:\Users\kajal\OneDrive\Desktop\subscription\backend\src\middleware\auth.js:14:25)
    at newFn (C:\Users\kajal\OneDrive\Desktop\subscription\backend\node_modules\express-async-errors\index.js:16:20)
    at Layer.handle [as handle_request] (C:\Users\kajal\OneDrive\Desktop\subscription\backend\node_modules\express\lib\router\layer.js:95:5)
    at trim_prefix (C:\Users\kajal\OneDrive\Desktop\subscription\backend\node_modules\express\lib\router\index.js:328:13)
    at C:\Users\kajal\OneDrive\Desktop\subscription\backend\node_modules\express\lib\router\index.js:286:9
    at Function.process_params (C:\Users\kajal\OneDrive\Desktop\subscription\backend\node_modules\express\lib\router\index.js:346:12)
    at next (C:\Users\kajal\OneDrive\Desktop\subscription\backend\node_modules\express\lib\router\index.js:280:10)
2026-05-25 20:09:42 [ERROR]: Error: jwt expired {"url":"/api/dashboard/charts?period=30","method":"GET"}
TokenExpiredError: jwt expired
    at C:\Users\kajal\OneDrive\Desktop\subscription\backend\node_modules\jsonwebtoken\verify.js:190:21
    at getSecret (C:\Users\kajal\OneDrive\Desktop\subscription\backend\node_modules\jsonwebtoken\verify.js:97:14)
    at module.exports [as verify] (C:\Users\kajal\OneDrive\Desktop\subscription\backend\node_modules\jsonwebtoken\verify.js:101:10)
    at authenticate (C:\Users\kajal\OneDrive\Desktop\subscription\backend\src\middleware\auth.js:14:25)
    at newFn (C:\Users\kajal\OneDrive\Desktop\subscription\backend\node_modules\express-async-errors\index.js:16:20)
    at Layer.handle [as handle_request] (C:\Users\kajal\OneDrive\Desktop\subscription\backend\node_modules\express\lib\router\layer.js:95:5)
    at trim_prefix (C:\Users\kajal\OneDrive\Desktop\subscription\backend\node_modules\express\lib\router\index.js:328:13)
    at C:\Users\kajal\OneDrive\Desktop\subscription\backend\node_modules\express\lib\router\index.js:286:9
    at Function.process_params (C:\Users\kajal\OneDrive\Desktop\subscription\backend\node_modules\express\lib\router\index.js:346:12)
    at next (C:\Users\kajal\OneDrive\Desktop\subscription\backend\node_modules\express\lib\router\index.js:280:10)
2026-05-25 20:09:42 [ERROR]: Error: jwt expired {"url":"/api/dashboard/low-stock","method":"GET"}
TokenExpiredError: jwt expired
    at C:\Users\kajal\OneDrive\Desktop\subscription\backend\node_modules\jsonwebtoken\verify.js:190:21
    at getSecret (C:\Users\kajal\OneDrive\Desktop\subscription\backend\node_modules\jsonwebtoken\verify.js:97:14)
    at module.exports [as verify] (C:\Users\kajal\OneDrive\Desktop\subscription\backend\node_modules\jsonwebtoken\verify.js:101:10)
    at authenticate (C:\Users\kajal\OneDrive\Desktop\subscription\backend\src\middleware\auth.js:14:25)
    at newFn (C:\Users\kajal\OneDrive\Desktop\subscription\backend\node_modules\express-async-errors\index.js:16:20)
    at Layer.handle [as handle_request] (C:\Users\kajal\OneDrive\Desktop\subscription\backend\node_modules\express\lib\router\layer.js:95:5)
    at trim_prefix (C:\Users\kajal\OneDrive\Desktop\subscription\backend\node_modules\express\lib\router\index.js:328:13)
    at C:\Users\kajal\OneDrive\Desktop\subscription\backend\node_modules\express\lib\router\index.js:286:9
    at Function.process_params (C:\Users\kajal\OneDrive\Desktop\subscription\backend\node_modules\express\lib\router\index.js:346:12)
    at next (C:\Users\kajal\OneDrive\Desktop\subscription\backend\node_modules\express\lib\router\index.js:280:10)
2026-05-25 20:09:42 [ERROR]: Error: jwt expired {"url":"/api/dashboard/production-timeline","method":"GET"}
TokenExpiredError: jwt expired
    at C:\Users\kajal\OneDrive\Desktop\subscription\backend\node_modules\jsonwebtoken\verify.js:190:21
    at getSecret (C:\Users\kajal\OneDrive\Desktop\subscription\backend\node_modules\jsonwebtoken\verify.js:97:14)
    at module.exports [as verify] (C:\Users\kajal\OneDrive\Desktop\subscription\backend\node_modules\jsonwebtoken\verify.js:101:10)
    at authenticate (C:\Users\kajal\OneDrive\Desktop\subscription\backend\src\middleware\auth.js:14:25)
    at newFn (C:\Users\kajal\OneDrive\Desktop\subscription\backend\node_modules\express-async-errors\index.js:16:20)
    at Layer.handle [as handle_request] (C:\Users\kajal\OneDrive\Desktop\subscription\backend\node_modules\express\lib\router\layer.js:95:5)
    at trim_prefix (C:\Users\kajal\OneDrive\Desktop\subscription\backend\node_modules\express\lib\router\index.js:328:13)
    at C:\Users\kajal\OneDrive\Desktop\subscription\backend\node_modules\express\lib\router\index.js:286:9
    at Function.process_params (C:\Users\kajal\OneDrive\Desktop\subscription\backend\node_modules\express\lib\router\index.js:346:12)
    at next (C:\Users\kajal\OneDrive\Desktop\subscription\backend\node_modules\express\lib\router\index.js:280:10)
2026-05-25 20:09:46 [INFO]: Socket connected: toJ_UKM0Upqc5dPfAAAB (user: cfc2c2df-0ca8-4f06-a42e-d98f24e0e562)
2026-05-25 20:09:47 [WARN]: Slow query detected {"query":"SELECT DATE(invoice_date) AS date, COALESCE(SUM(net_amount), 0) AS revenue, COUNT(*) AS invoices\n         FROM invoices\n         WHERE company_id = $1 AND deleted_at IS NULL\n         AND invoice_date >= NOW() - INTERVAL '30 days'\n         GROUP BY DATE(invoice_date) ORDER BY date","duration":"1121ms","rows":0}
2026-05-25 20:09:47 [WARN]: Slow query detected {"query":"SELECT status, COUNT(*) AS count FROM production_orders\n         WHERE company_id = $1 AND deleted_at IS NULL\n         AND created_at >= NOW() - INTERVAL '30 days'\n         GROUP BY status","duration":"1132ms","rows":3}
2026-05-25 20:09:47 [WARN]: Slow query detected {"query":"SELECT status, COUNT(*) AS count FROM dispatches\n         WHERE company_id = $1 AND deleted_at IS NULL\n         AND created_at >= NOW() - INTERVAL '30 days'\n         GROUP BY status","duration":"1151ms","rows":0}
2026-05-25 20:09:47 [WARN]: Slow query detected {"query":"SELECT m.name, m.code, SUM(po.produced_quantity) AS total_produced,\n                SUM(po.rejected_quantity) AS total_rejected\n         FROM production_orders po\n         JOIN materials m ON po.product_material_id = m.id\n         WHERE po.company_id = $1 AND po.deleted_at IS NULL\n         AND po.created_at >= NOW() - INTERVAL '30 days'\n         GROUP BY m.id, m.name, m.code\n         ORDER BY total_produced DESC LIMIT 10","duration":"1161ms","rows":0}
2026-05-25 20:09:47 [WARN]: Slow query detected {"query":"SELECT m.id, m.code, m.name, m.unit, m.current_stock, m.minimum_stock,\n              m.reorder_level, m.reorder_quantity, m.purchase_rate,\n              mc.name AS category_name, w.name AS warehouse_name,\n              s.name AS supplier_name, s.contact_person AS supplier_contact, s.phone AS supplier_phone\n       FROM materials m\n       LEFT JOIN material_categories mc ON m.category_id = mc.id\n       LEFT JOIN warehouses w ON m.warehouse_id = w.id\n       LEFT JOIN suppliers s ON m.supplier_id = s.id\n       WHERE m.company_id = $1 AND m.current_stock <= m.minimum_stock\n       AND m.is_active = TRUE AND m.deleted_at IS NULL\n       ORDER BY (m.current_stock / NULLIF(m.minimum_stock, 0)) ASC\n       LIMIT 20","duration":"1161ms","rows":11}
2026-05-25 20:09:47 [WARN]: Slow query detected {"query":"SELECT po.id, po.order_number, po.status, po.priority,\n              po.planned_start_date, po.planned_end_date, po.actual_start_date, po.actual_end_date,\n              m.name AS product_name,\n              ws.name AS current_stage, ws.color AS stage_color,\n              CASE WHEN po.planned_end_date < CURRENT_DATE AND po.status NOT IN ('completed','cancelled') THEN TRUE ELSE FALSE END AS is_delayed\n       FROM production_orders po\n       LEFT JOIN materials m ON po.product_material_id = m.id\n       LEFT JOIN workflow_stages ws ON po.current_stage_id = ws.id\n       WHERE po.company_id = $1 AND po.deleted_at IS NULL\n       AND po.status NOT IN ('cancelled')\n       ORDER BY po.planned_start_date ASC\n       LIMIT 50","duration":"1265ms","rows":4}
2026-05-25 20:09:47 [WARN]: Slow query detected {"query":"SELECT status, plan_id, trial_ends_at, expiry_date FROM company_subscriptions WHERE company_id=$1","duration":"1088ms","rows":0}
2026-05-25 20:09:55 [INFO]: Socket disconnected: toJ_UKM0Upqc5dPfAAAB
2026-05-25 20:11:39 [WARN]: Slow query detected {"query":"SELECT COUNT(*) FROM notifications WHERE user_id = $1 AND company_id = $2 AND is_read = FALSE","duration":"1004ms","rows":1}
2026-05-25 20:11:39 [WARN]: Slow query detected {"query":"SELECT code, name, icon, route, sort_order FROM modules WHERE is_active=TRUE ORDER BY sort_order","duration":"1016ms","rows":8}
2026-05-25 20:17:56 [INFO]: SIGINT received. Shutting down gracefully...
