2026-05-23 21:49:31 [INFO]: 🚀 ERP Server running on port 5000 in development mode
2026-05-23 21:49:31 [INFO]: 📊 API: http://localhost:5000/api
2026-05-23 21:49:31 [INFO]: 🔌 Socket.IO: ws://localhost:5000
2026-05-23 21:49:31 [INFO]: ❤️  Health: http://localhost:5000/health
2026-05-23 21:49:35 [INFO]: Database connected successfully at Sat May 23 2026 21:49:36 GMT+0530 (India Standard Time)
2026-05-23 21:49:35 [INFO]: ✅ Database connected
2026-05-23 21:49:35 [INFO]: ✅ Redis connected
2026-05-23 21:50:08 [ERROR]: Error: jwt expired {"url":"/api/subscription/modules","method":"GET"}
TokenExpiredError: jwt expired
    at C:\Users\kajal\OneDrive\Desktop\subscription\backend\node_modules\jsonwebtoken\verify.js:190:21
    at getSecret (C:\Users\kajal\OneDrive\Desktop\subscription\backend\node_modules\jsonwebtoken\verify.js:97:14)
    at module.exports [as verify] (C:\Users\kajal\OneDrive\Desktop\subscription\backend\node_modules\jsonwebtoken\verify.js:101:10)
    at authenticate (C:\Users\kajal\OneDrive\Desktop\subscription\backend\src\middleware\auth.js:14:25)
    at newFn (C:\Users\kajal\OneDrive\Desktop\subscription\backend\node_modules\express-async-errors\index.js:16:20)
    at Layer.handle [as handle_request] (C:\Users\kajal\OneDrive\Desktop\subscription\backend\node_modules\express\lib\router\layer.js:95:5)
    at trim_prefix (C:\Users\kajal\OneDrive\Desktop\subscription\backend\node_modules\express\lib\router\index.js:328:13)
    at C:\Users\kajal\OneDrive\Desktop\subscription\backend\node_modules\express\lib\router\index.js:286:9
    at Function.process_params (C:\Users\kajal\OneDrive\Desktop\subscription\backend\node_modules\express\lib\router\index.js:346:12)
    at next (C:\Users\kajal\OneDrive\Desktop\subscription\backend\node_modules\express\lib\router\index.js:280:10)
2026-05-23 21:50:08 [ERROR]: Error: jwt expired {"url":"/api/notifications/unread-count","method":"GET"}
TokenExpiredError: jwt expired
    at C:\Users\kajal\OneDrive\Desktop\subscription\backend\node_modules\jsonwebtoken\verify.js:190:21
    at getSecret (C:\Users\kajal\OneDrive\Desktop\subscription\backend\node_modules\jsonwebtoken\verify.js:97:14)
    at module.exports [as verify] (C:\Users\kajal\OneDrive\Desktop\subscription\backend\node_modules\jsonwebtoken\verify.js:101:10)
    at authenticate (C:\Users\kajal\OneDrive\Desktop\subscription\backend\src\middleware\auth.js:14:25)
    at newFn (C:\Users\kajal\OneDrive\Desktop\subscription\backend\node_modules\express-async-errors\index.js:16:20)
    at Layer.handle [as handle_request] (C:\Users\kajal\OneDrive\Desktop\subscription\backend\node_modules\express\lib\router\layer.js:95:5)
    at trim_prefix (C:\Users\kajal\OneDrive\Desktop\subscription\backend\node_modules\express\lib\router\index.js:328:13)
    at C:\Users\kajal\OneDrive\Desktop\subscription\backend\node_modules\express\lib\router\index.js:286:9
    at Function.process_params (C:\Users\kajal\OneDrive\Desktop\subscription\backend\node_modules\express\lib\router\index.js:346:12)
    at next (C:\Users\kajal\OneDrive\Desktop\subscription\backend\node_modules\express\lib\router\index.js:280:10)
2026-05-23 21:50:08 [ERROR]: Error: jwt expired {"url":"/api/dashboard/stats?period=30","method":"GET"}
TokenExpiredError: jwt expired
    at C:\Users\kajal\OneDrive\Desktop\subscription\backend\node_modules\jsonwebtoken\verify.js:190:21
    at getSecret (C:\Users\kajal\OneDrive\Desktop\subscription\backend\node_modules\jsonwebtoken\verify.js:97:14)
    at module.exports [as verify] (C:\Users\kajal\OneDrive\Desktop\subscription\backend\node_modules\jsonwebtoken\verify.js:101:10)
    at authenticate (C:\Users\kajal\OneDrive\Desktop\subscription\backend\src\middleware\auth.js:14:25)
    at newFn (C:\Users\kajal\OneDrive\Desktop\subscription\backend\node_modules\express-async-errors\index.js:16:20)
    at Layer.handle [as handle_request] (C:\Users\kajal\OneDrive\Desktop\subscription\backend\node_modules\express\lib\router\layer.js:95:5)
    at trim_prefix (C:\Users\kajal\OneDrive\Desktop\subscription\backend\node_modules\express\lib\router\index.js:328:13)
    at C:\Users\kajal\OneDrive\Desktop\subscription\backend\node_modules\express\lib\router\index.js:286:9
    at Function.process_params (C:\Users\kajal\OneDrive\Desktop\subscription\backend\node_modules\express\lib\router\index.js:346:12)
    at next (C:\Users\kajal\OneDrive\Desktop\subscription\backend\node_modules\express\lib\router\index.js:280:10)
2026-05-23 21:50:08 [ERROR]: Error: jwt expired {"url":"/api/dashboard/charts?period=30","method":"GET"}
TokenExpiredError: jwt expired
    at C:\Users\kajal\OneDrive\Desktop\subscription\backend\node_modules\jsonwebtoken\verify.js:190:21
    at getSecret (C:\Users\kajal\OneDrive\Desktop\subscription\backend\node_modules\jsonwebtoken\verify.js:97:14)
    at module.exports [as verify] (C:\Users\kajal\OneDrive\Desktop\subscription\backend\node_modules\jsonwebtoken\verify.js:101:10)
    at authenticate (C:\Users\kajal\OneDrive\Desktop\subscription\backend\src\middleware\auth.js:14:25)
    at newFn (C:\Users\kajal\OneDrive\Desktop\subscription\backend\node_modules\express-async-errors\index.js:16:20)
    at Layer.handle [as handle_request] (C:\Users\kajal\OneDrive\Desktop\subscription\backend\node_modules\express\lib\router\layer.js:95:5)
    at trim_prefix (C:\Users\kajal\OneDrive\Desktop\subscription\backend\node_modules\express\lib\router\index.js:328:13)
    at C:\Users\kajal\OneDrive\Desktop\subscription\backend\node_modules\express\lib\router\index.js:286:9
    at Function.process_params (C:\Users\kajal\OneDrive\Desktop\subscription\backend\node_modules\express\lib\router\index.js:346:12)
    at next (C:\Users\kajal\OneDrive\Desktop\subscription\backend\node_modules\express\lib\router\index.js:280:10)
2026-05-23 21:50:08 [ERROR]: Error: jwt expired {"url":"/api/dashboard/low-stock","method":"GET"}
TokenExpiredError: jwt expired
    at C:\Users\kajal\OneDrive\Desktop\subscription\backend\node_modules\jsonwebtoken\verify.js:190:21
    at getSecret (C:\Users\kajal\OneDrive\Desktop\subscription\backend\node_modules\jsonwebtoken\verify.js:97:14)
    at module.exports [as verify] (C:\Users\kajal\OneDrive\Desktop\subscription\backend\node_modules\jsonwebtoken\verify.js:101:10)
    at authenticate (C:\Users\kajal\OneDrive\Desktop\subscription\backend\src\middleware\auth.js:14:25)
    at newFn (C:\Users\kajal\OneDrive\Desktop\subscription\backend\node_modules\express-async-errors\index.js:16:20)
    at Layer.handle [as handle_request] (C:\Users\kajal\OneDrive\Desktop\subscription\backend\node_modules\express\lib\router\layer.js:95:5)
    at trim_prefix (C:\Users\kajal\OneDrive\Desktop\subscription\backend\node_modules\express\lib\router\index.js:328:13)
    at C:\Users\kajal\OneDrive\Desktop\subscription\backend\node_modules\express\lib\router\index.js:286:9
    at Function.process_params (C:\Users\kajal\OneDrive\Desktop\subscription\backend\node_modules\express\lib\router\index.js:346:12)
    at next (C:\Users\kajal\OneDrive\Desktop\subscription\backend\node_modules\express\lib\router\index.js:280:10)
2026-05-23 21:50:08 [ERROR]: Error: jwt expired {"url":"/api/dashboard/production-timeline","method":"GET"}
TokenExpiredError: jwt expired
    at C:\Users\kajal\OneDrive\Desktop\subscription\backend\node_modules\jsonwebtoken\verify.js:190:21
    at getSecret (C:\Users\kajal\OneDrive\Desktop\subscription\backend\node_modules\jsonwebtoken\verify.js:97:14)
    at module.exports [as verify] (C:\Users\kajal\OneDrive\Desktop\subscription\backend\node_modules\jsonwebtoken\verify.js:101:10)
    at authenticate (C:\Users\kajal\OneDrive\Desktop\subscription\backend\src\middleware\auth.js:14:25)
    at newFn (C:\Users\kajal\OneDrive\Desktop\subscription\backend\node_modules\express-async-errors\index.js:16:20)
    at Layer.handle [as handle_request] (C:\Users\kajal\OneDrive\Desktop\subscription\backend\node_modules\express\lib\router\layer.js:95:5)
    at trim_prefix (C:\Users\kajal\OneDrive\Desktop\subscription\backend\node_modules\express\lib\router\index.js:328:13)
    at C:\Users\kajal\OneDrive\Desktop\subscription\backend\node_modules\express\lib\router\index.js:286:9
    at Function.process_params (C:\Users\kajal\OneDrive\Desktop\subscription\backend\node_modules\express\lib\router\index.js:346:12)
    at next (C:\Users\kajal\OneDrive\Desktop\subscription\backend\node_modules\express\lib\router\index.js:280:10)
2026-05-23 21:51:16 [INFO]: Email sent to btp20222628@gmail.com: 937163 — Your IndustrialERP Verification Code
2026-05-23 21:55:08 [INFO]: 🚀 ERP Server running on port 5000 in development mode
2026-05-23 21:55:08 [INFO]: 📊 API: http://localhost:5000/api
2026-05-23 21:55:08 [INFO]: 🔌 Socket.IO: ws://localhost:5000
2026-05-23 21:55:08 [INFO]: ❤️  Health: http://localhost:5000/health
2026-05-23 21:55:08 [INFO]: Database connected successfully at Sat May 23 2026 21:55:10 GMT+0530 (India Standard Time)
2026-05-23 21:55:08 [INFO]: ✅ Database connected
2026-05-23 21:55:08 [INFO]: ✅ Redis connected
2026-05-23 21:55:21 [INFO]: 🚀 ERP Server running on port 5000 in development mode
2026-05-23 21:55:21 [INFO]: 📊 API: http://localhost:5000/api
2026-05-23 21:55:21 [INFO]: 🔌 Socket.IO: ws://localhost:5000
2026-05-23 21:55:21 [INFO]: ❤️  Health: http://localhost:5000/health
2026-05-23 21:55:22 [INFO]: Database connected successfully at Sat May 23 2026 21:55:23 GMT+0530 (India Standard Time)
2026-05-23 21:55:22 [INFO]: ✅ Database connected
2026-05-23 21:55:22 [INFO]: ✅ Redis connected
2026-05-23 22:07:26 [INFO]: 🚀 ERP Server running on port 5000 in development mode
2026-05-23 22:07:26 [INFO]: 📊 API: http://localhost:5000/api
2026-05-23 22:07:26 [INFO]: 🔌 Socket.IO: ws://localhost:5000
2026-05-23 22:07:26 [INFO]: ❤️  Health: http://localhost:5000/health
2026-05-23 22:07:27 [INFO]: Database connected successfully at Sat May 23 2026 22:07:28 GMT+0530 (India Standard Time)
2026-05-23 22:07:27 [INFO]: ✅ Database connected
2026-05-23 22:07:27 [INFO]: ✅ Redis connected
2026-05-23 22:07:35 [INFO]: 🚀 ERP Server running on port 5000 in development mode
2026-05-23 22:07:35 [INFO]: 📊 API: http://localhost:5000/api
2026-05-23 22:07:35 [INFO]: 🔌 Socket.IO: ws://localhost:5000
2026-05-23 22:07:35 [INFO]: ❤️  Health: http://localhost:5000/health
2026-05-23 22:07:36 [INFO]: Database connected successfully at Sat May 23 2026 22:07:37 GMT+0530 (India Standard Time)
2026-05-23 22:07:36 [INFO]: ✅ Database connected
2026-05-23 22:07:36 [INFO]: ✅ Redis connected
2026-05-23 22:14:31 [INFO]: 🚀 ERP Server running on port 5000 in development mode
2026-05-23 22:14:31 [INFO]: 📊 API: http://localhost:5000/api
2026-05-23 22:14:31 [INFO]: 🔌 Socket.IO: ws://localhost:5000
2026-05-23 22:14:31 [INFO]: ❤️  Health: http://localhost:5000/health
2026-05-23 22:14:32 [INFO]: Database connected successfully at Sat May 23 2026 22:14:33 GMT+0530 (India Standard Time)
2026-05-23 22:14:32 [INFO]: ✅ Database connected
2026-05-23 22:14:32 [INFO]: ✅ Redis connected
2026-05-23 22:29:10 [INFO]: 🚀 ERP Server running on port 5000 in development mode
2026-05-23 22:29:10 [INFO]: 📊 API: http://localhost:5000/api
2026-05-23 22:29:10 [INFO]: 🔌 Socket.IO: ws://localhost:5000
2026-05-23 22:29:10 [INFO]: ❤️  Health: http://localhost:5000/health
2026-05-23 22:29:11 [INFO]: Database connected successfully at Sat May 23 2026 22:29:12 GMT+0530 (India Standard Time)
2026-05-23 22:29:11 [INFO]: ✅ Database connected
2026-05-23 22:29:11 [INFO]: ✅ Redis connected
2026-05-23 22:29:16 [INFO]: 🚀 ERP Server running on port 5000 in development mode
2026-05-23 22:29:17 [INFO]: 📊 API: http://localhost:5000/api
2026-05-23 22:29:17 [INFO]: 🔌 Socket.IO: ws://localhost:5000
2026-05-23 22:29:17 [INFO]: ❤️  Health: http://localhost:5000/health
2026-05-23 22:29:17 [INFO]: Database connected successfully at Sat May 23 2026 22:29:19 GMT+0530 (India Standard Time)
2026-05-23 22:29:17 [INFO]: ✅ Database connected
2026-05-23 22:29:17 [INFO]: ✅ Redis connected
2026-05-23 22:50:50 [ERROR]: Error: Invalid email or password {"url":"/api/auth/login","method":"POST"}
Error: Invalid email or password
    at AuthService.login (C:\Users\kajal\OneDrive\Desktop\subscription\backend\src\services\auth.service.js:77:22)
    at process.processTicksAndRejections (node:internal/process/task_queues:105:5)
    at async login (C:\Users\kajal\OneDrive\Desktop\subscription\backend\src\controllers\auth.controller.js:49:20)
2026-05-23 22:51:33 [INFO]: 🚀 ERP Server running on port 5000 in development mode
2026-05-23 22:51:33 [INFO]: 📊 API: http://localhost:5000/api
2026-05-23 22:51:33 [INFO]: 🔌 Socket.IO: ws://localhost:5000
2026-05-23 22:51:33 [INFO]: ❤️  Health: http://localhost:5000/health
2026-05-23 22:51:34 [INFO]: Database connected successfully at Sat May 23 2026 22:51:35 GMT+0530 (India Standard Time)
2026-05-23 22:51:34 [INFO]: ✅ Database connected
2026-05-23 22:51:34 [INFO]: ✅ Redis connected
2026-05-23 23:02:46 [INFO]: 🚀 ERP Server running on port 5000 in development mode
2026-05-23 23:02:46 [INFO]: 📊 API: http://localhost:5000/api
2026-05-23 23:02:46 [INFO]: 🔌 Socket.IO: ws://localhost:5000
2026-05-23 23:02:46 [INFO]: ❤️  Health: http://localhost:5000/health
2026-05-23 23:02:47 [INFO]: Database connected successfully at Sat May 23 2026 23:02:49 GMT+0530 (India Standard Time)
2026-05-23 23:02:47 [INFO]: ✅ Database connected
2026-05-23 23:02:47 [INFO]: ✅ Redis connected
2026-05-23 23:06:18 [INFO]: 🚀 ERP Server running on port 5000 in development mode
2026-05-23 23:06:18 [INFO]: 📊 API: http://localhost:5000/api
2026-05-23 23:06:18 [INFO]: 🔌 Socket.IO: ws://localhost:5000
2026-05-23 23:06:18 [INFO]: ❤️  Health: http://localhost:5000/health
2026-05-23 23:06:19 [INFO]: Database connected successfully at Sat May 23 2026 23:06:20 GMT+0530 (India Standard Time)
2026-05-23 23:06:19 [INFO]: ✅ Database connected
2026-05-23 23:06:19 [INFO]: ✅ Redis connected
2026-05-23 23:06:25 [INFO]: 🚀 ERP Server running on port 5000 in development mode
2026-05-23 23:06:25 [INFO]: 📊 API: http://localhost:5000/api
2026-05-23 23:06:25 [INFO]: 🔌 Socket.IO: ws://localhost:5000
2026-05-23 23:06:25 [INFO]: ❤️  Health: http://localhost:5000/health
2026-05-23 23:06:26 [INFO]: Database connected successfully at Sat May 23 2026 23:06:27 GMT+0530 (India Standard Time)
2026-05-23 23:06:26 [INFO]: ✅ Database connected
2026-05-23 23:06:26 [INFO]: ✅ Redis connected
2026-05-23 23:14:03 [INFO]: 🚀 ERP Server running on port 5000 in development mode
2026-05-23 23:14:03 [INFO]: 📊 API: http://localhost:5000/api
2026-05-23 23:14:03 [INFO]: 🔌 Socket.IO: ws://localhost:5000
2026-05-23 23:14:03 [INFO]: ❤️  Health: http://localhost:5000/health
2026-05-23 23:14:04 [INFO]: Database connected successfully at Sat May 23 2026 23:14:06 GMT+0530 (India Standard Time)
2026-05-23 23:14:04 [INFO]: ✅ Database connected
2026-05-23 23:14:04 [INFO]: ✅ Redis connected
2026-05-23 23:14:15 [INFO]: 🚀 ERP Server running on port 5000 in development mode
2026-05-23 23:14:15 [INFO]: 📊 API: http://localhost:5000/api
2026-05-23 23:14:15 [INFO]: 🔌 Socket.IO: ws://localhost:5000
2026-05-23 23:14:15 [INFO]: ❤️  Health: http://localhost:5000/health
2026-05-23 23:14:16 [INFO]: Database connected successfully at Sat May 23 2026 23:14:17 GMT+0530 (India Standard Time)
2026-05-23 23:14:16 [INFO]: ✅ Database connected
2026-05-23 23:14:16 [INFO]: ✅ Redis connected
2026-05-23 23:16:53 [INFO]: 🚀 ERP Server running on port 5000 in development mode
2026-05-23 23:16:53 [INFO]: 📊 API: http://localhost:5000/api
2026-05-23 23:16:53 [INFO]: 🔌 Socket.IO: ws://localhost:5000
2026-05-23 23:16:53 [INFO]: ❤️  Health: http://localhost:5000/health
2026-05-23 23:16:54 [INFO]: Database connected successfully at Sat May 23 2026 23:16:55 GMT+0530 (India Standard Time)
2026-05-23 23:16:54 [INFO]: ✅ Database connected
2026-05-23 23:16:54 [INFO]: ✅ Redis connected
2026-05-23 23:17:46 [INFO]: 🚀 ERP Server running on port 5000 in development mode
2026-05-23 23:17:46 [INFO]: 📊 API: http://localhost:5000/api
2026-05-23 23:17:46 [INFO]: 🔌 Socket.IO: ws://localhost:5000
2026-05-23 23:17:46 [INFO]: ❤️  Health: http://localhost:5000/health
2026-05-23 23:17:47 [INFO]: Database connected successfully at Sat May 23 2026 23:17:48 GMT+0530 (India Standard Time)
2026-05-23 23:17:47 [INFO]: ✅ Database connected
2026-05-23 23:17:47 [INFO]: ✅ Redis connected
