2026-05-29 12:23:13 [INFO]: 🚀 ERP Server running on port 5000 in development mode
2026-05-29 12:23:13 [INFO]: 📊 API: http://localhost:5000/api
2026-05-29 12:23:13 [INFO]: 🔌 Socket.IO: ws://localhost:5000
2026-05-29 12:23:13 [INFO]: ❤️  Health: http://localhost:5000/health
2026-05-29 12:23:14 [INFO]: Database connected successfully at Fri May 29 2026 12:23:15 GMT+0530 (India Standard Time)
2026-05-29 12:23:14 [INFO]: ✅ Database connected
2026-05-29 12:23:14 [INFO]: ✅ Redis connected
2026-05-29 12:23:14 [INFO]: SMTP READY
2026-05-29 12:24:06 [INFO]: Socket connected: UgR8gldKac_XO1YvAAAB (user: cfc2c2df-0ca8-4f06-a42e-d98f24e0e562)
2026-05-29 12:24:07 [WARN]: Slow query detected {"query":"SELECT m.id, m.code, m.name, m.unit, m.current_stock, m.minimum_stock,\n              m.reorder_level, m.reorder_quantity, m.purchase_rate,\n              mc.name AS category_name, w.name AS warehouse_name,\n              s.name AS supplier_name, s.contact_person AS supplier_contact, s.phone AS supplier_phone\n       FROM materials m\n       LEFT JOIN material_categories mc ON m.category_id = mc.id\n       LEFT JOIN warehouses w ON m.warehouse_id = w.id\n       LEFT JOIN suppliers s ON m.supplier_id = s.id\n       WHERE m.company_id = $1 AND m.current_stock <= m.minimum_stock\n       AND m.is_active = TRUE AND m.deleted_at IS NULL\n       ORDER BY (m.current_stock / NULLIF(m.minimum_stock, 0)) ASC\n       LIMIT 20","duration":"1023ms","rows":11}
2026-05-29 12:24:07 [WARN]: Slow query detected {"query":"SELECT po.id, po.order_number, po.status, po.priority,\n              po.planned_start_date, po.planned_end_date, po.actual_start_date, po.actual_end_date,\n              m.name AS product_name,\n              ws.name AS current_stage, ws.color AS stage_color,\n              CASE WHEN po.planned_end_date < CURRENT_DATE AND po.status NOT IN ('completed','cancelled') THEN TRUE ELSE FALSE END AS is_delayed\n       FROM production_orders po\n       LEFT JOIN materials m ON po.product_material_id = m.id\n       LEFT JOIN workflow_stages ws ON po.current_stage_id = ws.id\n       WHERE po.company_id = $1 AND po.deleted_at IS NULL\n       AND po.status NOT IN ('cancelled')\n       ORDER BY po.planned_start_date ASC\n       LIMIT 50","duration":"1026ms","rows":4}
2026-05-29 12:28:01 [INFO]: Socket disconnected: UgR8gldKac_XO1YvAAAB
2026-05-29 12:30:29 [WARN]: Slow query detected {"query":"SELECT m.name, m.code, SUM(po.produced_quantity) AS total_produced,\n                SUM(po.rejected_quantity) AS total_rejected\n         FROM production_orders po\n         JOIN materials m ON po.product_material_id = m.id\n         WHERE po.company_id = $1 AND po.deleted_at IS NULL\n         AND po.created_at >= NOW() - INTERVAL '30 days'\n         GROUP BY m.id, m.name, m.code\n         ORDER BY total_produced DESC LIMIT 10","duration":"1001ms","rows":0}
2026-05-29 12:30:29 [WARN]: Slow query detected {"query":"SELECT po.id, po.order_number, po.status, po.priority,\n              po.planned_start_date, po.planned_end_date, po.actual_start_date, po.actual_end_date,\n              m.name AS product_name,\n              ws.name AS current_stage, ws.color AS stage_color,\n              CASE WHEN po.planned_end_date < CURRENT_DATE AND po.status NOT IN ('completed','cancelled') THEN TRUE ELSE FALSE END AS is_delayed\n       FROM production_orders po\n       LEFT JOIN materials m ON po.product_material_id = m.id\n       LEFT JOIN workflow_stages ws ON po.current_stage_id = ws.id\n       WHERE po.company_id = $1 AND po.deleted_at IS NULL\n       AND po.status NOT IN ('cancelled')\n       ORDER BY po.planned_start_date ASC\n       LIMIT 50","duration":"1101ms","rows":4}
2026-05-29 12:30:29 [WARN]: Slow query detected {"query":"SELECT m.id, m.code, m.name, m.unit, m.current_stock, m.minimum_stock,\n              m.reorder_level, m.reorder_quantity, m.purchase_rate,\n              mc.name AS category_name, w.name AS warehouse_name,\n              s.name AS supplier_name, s.contact_person AS supplier_contact, s.phone AS supplier_phone\n       FROM materials m\n       LEFT JOIN material_categories mc ON m.category_id = mc.id\n       LEFT JOIN warehouses w ON m.warehouse_id = w.id\n       LEFT JOIN suppliers s ON m.supplier_id = s.id\n       WHERE m.company_id = $1 AND m.current_stock <= m.minimum_stock\n       AND m.is_active = TRUE AND m.deleted_at IS NULL\n       ORDER BY (m.current_stock / NULLIF(m.minimum_stock, 0)) ASC\n       LIMIT 20","duration":"1106ms","rows":11}
2026-05-29 12:37:05 [WARN]: Slow query detected {"query":"SELECT m.*, mc.name AS category_name, w.name AS warehouse_name,\n                s.name AS supplier_name, wr.rack_code, wr.bin_code\n         FROM materials m\n         LEFT JOIN material_categories mc ON m.category_id = mc.id\n         LEFT JOIN warehouses w ON m.warehouse_id = w.id\n         LEFT JOIN suppliers s ON m.supplier_id = s.id\n         LEFT JOIN warehouse_racks wr ON m.rack_id = wr.id\n         WHERE m.company_id = $1 AND m.deleted_at IS NULL\n         ORDER BY m.name ASC\n         LIMIT $2 OFFSET $3","duration":"1042ms","rows":17}
2026-05-29 12:37:39 [INFO]: SIGINT received. Shutting down gracefully...
2026-05-29 12:37:47 [INFO]: 🚀 ERP Server running on port 5000 in development mode
2026-05-29 12:37:47 [INFO]: 📊 API: http://localhost:5000/api
2026-05-29 12:37:47 [INFO]: 🔌 Socket.IO: ws://localhost:5000
2026-05-29 12:37:47 [INFO]: ❤️  Health: http://localhost:5000/health
2026-05-29 12:37:48 [INFO]: Database connected successfully at Fri May 29 2026 12:37:49 GMT+0530 (India Standard Time)
2026-05-29 12:37:48 [INFO]: ✅ Database connected
2026-05-29 12:37:48 [INFO]: ✅ Redis connected
2026-05-29 12:37:48 [INFO]: SMTP READY
2026-05-29 12:40:03 [WARN]: Slow query detected {"query":"SELECT COUNT(*) FROM suppliers WHERE company_id = $1 AND deleted_at IS NULL","duration":"1128ms","rows":1}
2026-05-29 12:40:03 [WARN]: Slow query detected {"query":"SELECT * FROM suppliers WHERE company_id = $1 AND deleted_at IS NULL ORDER BY name LIMIT $2 OFFSET $3","duration":"1186ms","rows":3}
2026-05-29 12:40:03 [WARN]: Slow query detected {"query":"SELECT COUNT(*) FROM notifications WHERE user_id = $1 AND company_id = $2 AND is_read = FALSE","duration":"1199ms","rows":1}
2026-05-29 12:40:03 [WARN]: Slow query detected {"query":"SELECT w.*, u.first_name || ' ' || u.last_name AS manager_name,\n              (SELECT COUNT(*) FROM materials m WHERE m.warehouse_id = w.id AND m.deleted_at IS NULL) AS material_count,\n              (SELECT COALESCE(SUM(m.current_stock * m.purchase_rate), 0) FROM materials m WHERE m.warehouse_id = w.id AND m.deleted_at IS NULL) AS stock_value\n       FROM warehouses w\n       LEFT JOIN users u ON w.manager_id = u.id\n       WHERE w.company_id = $1 AND w.deleted_at IS NULL\n       ORDER BY w.is_primary DESC, w.name","duration":"1208ms","rows":2}
2026-05-29 12:42:53 [WARN]: Slow query detected {"query":"SELECT COUNT(*) AS total,\n           COUNT(*) FILTER (WHERE status = 'pending') AS pending,\n           COUNT(*) FILTER (WHERE status = 'in_progress') AS running,\n           COUNT(*) FILTER (WHERE status = 'completed') AS completed,\n           COUNT(*) FILTER (WHERE planned_end_date < CURRENT_DATE AND status NOT IN ('completed','cancelled')) AS delayed,\n           COALESCE(SUM(produced_quantity), 0) AS total_produced,\n           COALESCE(SUM(rejected_quantity), 0) AS total_rejected\n         FROM production_orders WHERE company_id = $1 AND deleted_at IS NULL\n         AND created_at >= NOW() - INTERVAL '30 days'","duration":"1161ms","rows":1}
2026-05-29 12:42:53 [WARN]: Slow query detected {"query":"SELECT COUNT(*) AS total,\n           COUNT(*) FILTER (WHERE status = 'dispatched') AS in_transit,\n           COUNT(*) FILTER (WHERE status = 'delivered') AS delivered,\n           COUNT(*) FILTER (WHERE expected_delivery_date < CURRENT_DATE AND status NOT IN ('delivered','returned')) AS delayed\n         FROM dispatches WHERE company_id = $1 AND deleted_at IS NULL\n         AND created_at >= NOW() - INTERVAL '30 days'","duration":"1200ms","rows":1}
2026-05-29 12:42:53 [WARN]: Slow query detected {"query":"SELECT COALESCE(SUM(net_amount), 0) AS total_revenue,\n           COALESCE(SUM(net_amount) FILTER (WHERE payment_status = 'paid'), 0) AS paid_revenue,\n           COALESCE(SUM(balance_amount) FILTER (WHERE payment_status != 'paid'), 0) AS pending_revenue,\n           COUNT(*) AS total_invoices\n         FROM invoices WHERE company_id = $1 AND deleted_at IS NULL\n         AND invoice_date >= NOW() - INTERVAL '30 days'","duration":"1241ms","rows":1}
2026-05-29 12:42:53 [WARN]: Slow query detected {"query":"SELECT COUNT(*) AS total_materials,\n           COALESCE(SUM(current_stock * purchase_rate), 0) AS stock_value,\n           COUNT(*) FILTER (WHERE current_stock <= minimum_stock) AS low_stock_count,\n           COUNT(*) FILTER (WHERE current_stock = 0) AS out_of_stock\n         FROM materials WHERE company_id = $1 AND is_active = TRUE AND deleted_at IS NULL","duration":"1267ms","rows":1}
2026-05-29 12:42:54 [WARN]: Slow query detected {"query":"SELECT m.id, m.code, m.name, m.unit, m.current_stock, m.minimum_stock,\n              m.reorder_level, m.reorder_quantity, m.purchase_rate,\n              mc.name AS category_name, w.name AS warehouse_name,\n              s.name AS supplier_name, s.contact_person AS supplier_contact, s.phone AS supplier_phone\n       FROM materials m\n       LEFT JOIN material_categories mc ON m.category_id = mc.id\n       LEFT JOIN warehouses w ON m.warehouse_id = w.id\n       LEFT JOIN suppliers s ON m.supplier_id = s.id\n       WHERE m.company_id = $1 AND m.current_stock <= m.minimum_stock\n       AND m.is_active = TRUE AND m.deleted_at IS NULL\n       ORDER BY (m.current_stock / NULLIF(m.minimum_stock, 0)) ASC\n       LIMIT 20","duration":"1004ms","rows":11}
2026-05-29 12:42:54 [WARN]: Slow query detected {"query":"SELECT po.id, po.order_number, po.status, po.priority,\n              po.planned_start_date, po.planned_end_date, po.actual_start_date, po.actual_end_date,\n              m.name AS product_name,\n              ws.name AS current_stage, ws.color AS stage_color,\n              CASE WHEN po.planned_end_date < CURRENT_DATE AND po.status NOT IN ('completed','cancelled') THEN TRUE ELSE FALSE END AS is_delayed\n       FROM production_orders po\n       LEFT JOIN materials m ON po.product_material_id = m.id\n       LEFT JOIN workflow_stages ws ON po.current_stage_id = ws.id\n       WHERE po.company_id = $1 AND po.deleted_at IS NULL\n       AND po.status NOT IN ('cancelled')\n       ORDER BY po.planned_start_date ASC\n       LIMIT 50","duration":"1063ms","rows":4}
2026-05-29 12:46:27 [WARN]: Slow query detected {"query":"SELECT COUNT(*)::int AS count \n      FROM products p\n      LEFT JOIN bill_of_materials b ON b.product_id = p.id AND b.is_active = TRUE\n      WHERE p.company_id = $1 AND p.deleted_at IS NULL AND p.is_active = $2 \n    ","duration":"1216ms","rows":1}
2026-05-29 12:46:27 [WARN]: Slow query detected {"query":"SELECT COUNT(*) FROM customers WHERE company_id = $1 AND deleted_at IS NULL","duration":"1251ms","rows":1}
2026-05-29 12:46:27 [WARN]: Slow query detected {"query":"SELECT * FROM customers WHERE company_id = $1 AND deleted_at IS NULL ORDER BY name LIMIT $2 OFFSET $3","duration":"1271ms","rows":1}
2026-05-29 12:46:28 [WARN]: Slow query detected {"query":"SELECT wt.*, COUNT(ws.id) AS stage_count\n       FROM workflow_templates wt\n       LEFT JOIN workflow_stages ws ON ws.template_id = wt.id AND ws.is_active = TRUE\n       WHERE wt.company_id = $1 AND wt.is_active = TRUE\n       GROUP BY wt.id ORDER BY wt.created_at DESC","duration":"2381ms","rows":2}
2026-05-29 12:50:20 [WARN]: Slow query detected {"query":"SELECT wt.*, COUNT(ws.id) AS stage_count\n       FROM workflow_templates wt\n       LEFT JOIN workflow_stages ws ON ws.template_id = wt.id AND ws.is_active = TRUE\n       WHERE wt.company_id = $1 AND wt.is_active = TRUE\n       GROUP BY wt.id ORDER BY wt.created_at DESC","duration":"1157ms","rows":2}
2026-05-29 12:50:20 [WARN]: Slow query detected {"query":"SELECT COUNT(*)::int AS count \n      FROM products p\n      LEFT JOIN bill_of_materials b ON b.product_id = p.id AND b.is_active = TRUE\n      WHERE p.company_id = $1 AND p.deleted_at IS NULL AND p.is_active = $2 \n    ","duration":"1211ms","rows":1}
2026-05-29 12:50:20 [WARN]: Slow query detected {"query":"SELECT * FROM customers WHERE company_id = $1 AND deleted_at IS NULL ORDER BY name LIMIT $2 OFFSET $3","duration":"1234ms","rows":1}
2026-05-29 12:50:20 [WARN]: Slow query detected {"query":"SELECT\n           p.*,\n           GREATEST(0, p.current_stock - p.reserved_stock)::numeric AS available_stock,\n           b.id AS bom_id,\n           (SELECT COUNT(*)::int FROM bom_items bi WHERE bi.bom_id = b.id) AS bom_item_count,\n           (SELECT COUNT(*)::int FROM product_variants pv WHERE pv.product_id = p.id AND pv.is_active = TRUE) AS variant_count\n         \n      FROM products p\n      LEFT JOIN bill_of_materials b ON b.product_id = p.id AND b.is_active = TRUE\n      WHERE p.company_id = $1 AND p.deleted_at IS NULL AND p.is_active = $2 \n    \n         ORDER BY p.name ASC\n         LIMIT $3 OFFSET $4","duration":"1251ms","rows":1}
2026-05-29 12:50:20 [WARN]: Slow query detected {"query":"SELECT COUNT(*) FROM notifications WHERE user_id = $1 AND company_id = $2 AND is_read = FALSE","duration":"1283ms","rows":1}
2026-05-29 12:50:20 [WARN]: Slow query detected {"query":"SELECT status, plan_id, trial_ends_at, expiry_date FROM company_subscriptions WHERE company_id=$1","duration":"1151ms","rows":0}
2026-05-29 12:52:29 [INFO]: 🚀 ERP Server running on port 5000 in development mode
2026-05-29 12:52:29 [INFO]: 📊 API: http://localhost:5000/api
2026-05-29 12:52:29 [INFO]: 🔌 Socket.IO: ws://localhost:5000
2026-05-29 12:52:29 [INFO]: ❤️  Health: http://localhost:5000/health
2026-05-29 12:52:30 [INFO]: Database connected successfully at Fri May 29 2026 12:52:31 GMT+0530 (India Standard Time)
2026-05-29 12:52:30 [INFO]: ✅ Database connected
2026-05-29 12:52:30 [INFO]: ✅ Redis connected
2026-05-29 12:52:30 [INFO]: SMTP READY
2026-05-29 12:52:44 [INFO]: 🚀 ERP Server running on port 5000 in development mode
2026-05-29 12:52:44 [INFO]: 📊 API: http://localhost:5000/api
2026-05-29 12:52:44 [INFO]: 🔌 Socket.IO: ws://localhost:5000
2026-05-29 12:52:44 [INFO]: ❤️  Health: http://localhost:5000/health
2026-05-29 12:52:45 [INFO]: SMTP READY
2026-05-29 12:52:45 [INFO]: Database connected successfully at Fri May 29 2026 12:52:46 GMT+0530 (India Standard Time)
2026-05-29 12:52:45 [INFO]: ✅ Database connected
2026-05-29 12:52:45 [INFO]: ✅ Redis connected
2026-05-29 13:00:43 [INFO]: SIGINT received. Shutting down gracefully...
2026-05-29 13:00:53 [INFO]: 🚀 ERP Server running on port 5000 in development mode
2026-05-29 13:00:53 [INFO]: 📊 API: http://localhost:5000/api
2026-05-29 13:00:53 [INFO]: 🔌 Socket.IO: ws://localhost:5000
2026-05-29 13:00:53 [INFO]: ❤️  Health: http://localhost:5000/health
2026-05-29 13:00:54 [INFO]: Database connected successfully at Fri May 29 2026 13:00:55 GMT+0530 (India Standard Time)
2026-05-29 13:00:54 [INFO]: ✅ Database connected
2026-05-29 13:00:54 [INFO]: ✅ Redis connected
2026-05-29 13:00:54 [INFO]: SMTP READY
2026-05-29 13:01:21 [INFO]: Socket connected: 8H-lGcWqLtCBmR4OAAAB (user: cfc2c2df-0ca8-4f06-a42e-d98f24e0e562)
2026-05-29 13:07:24 [WARN]: Slow query detected {"query":"SELECT COUNT(*) FROM materials m WHERE m.company_id = $1 AND m.deleted_at IS NULL","duration":"1287ms","rows":1}
2026-05-29 13:07:27 [INFO]: Socket disconnected: 8H-lGcWqLtCBmR4OAAAB
2026-05-29 13:07:29 [WARN]: Slow query detected {"query":"SELECT COUNT(*) FROM materials m WHERE m.company_id = $1 AND m.deleted_at IS NULL","duration":"1124ms","rows":1}
2026-05-29 13:18:12 [WARN]: Slow query detected {"query":"SELECT COUNT(*) AS total,\n           COUNT(*) FILTER (WHERE status = 'dispatched') AS in_transit,\n           COUNT(*) FILTER (WHERE status = 'delivered') AS delivered,\n           COUNT(*) FILTER (WHERE expected_delivery_date < CURRENT_DATE AND status NOT IN ('delivered','returned')) AS delayed\n         FROM dispatches WHERE company_id = $1 AND deleted_at IS NULL\n         AND created_at >= NOW() - INTERVAL '30 days'","duration":"1007ms","rows":1}
2026-05-29 13:18:12 [WARN]: Slow query detected {"query":"SELECT m.name, m.code, SUM(po.produced_quantity) AS total_produced,\n                SUM(po.rejected_quantity) AS total_rejected\n         FROM production_orders po\n         JOIN materials m ON po.product_material_id = m.id\n         WHERE po.company_id = $1 AND po.deleted_at IS NULL\n         AND po.created_at >= NOW() - INTERVAL '30 days'\n         GROUP BY m.id, m.name, m.code\n         ORDER BY total_produced DESC LIMIT 10","duration":"1037ms","rows":0}
2026-05-29 13:35:55 [INFO]: 🚀 ERP Server running on port 5000 in development mode
2026-05-29 13:35:55 [INFO]: 📊 API: http://localhost:5000/api
2026-05-29 13:35:55 [INFO]: 🔌 Socket.IO: ws://localhost:5000
2026-05-29 13:35:55 [INFO]: ❤️  Health: http://localhost:5000/health
2026-05-29 13:35:56 [INFO]: Database connected successfully at Fri May 29 2026 13:35:57 GMT+0530 (India Standard Time)
2026-05-29 13:35:56 [INFO]: ✅ Database connected
2026-05-29 13:35:56 [INFO]: ✅ Redis connected
2026-05-29 13:35:56 [INFO]: SMTP READY
2026-05-29 13:36:01 [INFO]: 🚀 ERP Server running on port 5000 in development mode
2026-05-29 13:36:01 [INFO]: 📊 API: http://localhost:5000/api
2026-05-29 13:36:01 [INFO]: 🔌 Socket.IO: ws://localhost:5000
2026-05-29 13:36:01 [INFO]: ❤️  Health: http://localhost:5000/health
2026-05-29 13:36:02 [INFO]: Database connected successfully at Fri May 29 2026 13:36:04 GMT+0530 (India Standard Time)
2026-05-29 13:36:02 [INFO]: ✅ Database connected
2026-05-29 13:36:02 [INFO]: ✅ Redis connected
2026-05-29 13:36:02 [INFO]: SMTP READY
2026-05-29 13:36:27 [WARN]: Slow query detected {"query":"SELECT status, COUNT(*) AS count FROM dispatches\n         WHERE company_id = $1 AND deleted_at IS NULL\n         AND created_at >= NOW() - INTERVAL '30 days'\n         GROUP BY status","duration":"1016ms","rows":0}
2026-05-29 13:36:27 [WARN]: Slow query detected {"query":"SELECT status, COUNT(*) AS count FROM production_orders\n         WHERE company_id = $1 AND deleted_at IS NULL\n         AND created_at >= NOW() - INTERVAL '30 days'\n         GROUP BY status","duration":"1020ms","rows":3}
2026-05-29 13:36:27 [WARN]: Slow query detected {"query":"SELECT m.id, m.code, m.name, m.unit, m.current_stock, m.minimum_stock,\n              m.reorder_level, m.reorder_quantity, m.purchase_rate,\n              mc.name AS category_name, w.name AS warehouse_name,\n              s.name AS supplier_name, s.contact_person AS supplier_contact, s.phone AS supplier_phone\n       FROM materials m\n       LEFT JOIN material_categories mc ON m.category_id = mc.id\n       LEFT JOIN warehouses w ON m.warehouse_id = w.id\n       LEFT JOIN suppliers s ON m.supplier_id = s.id\n       WHERE m.company_id = $1 AND m.current_stock <= m.minimum_stock\n       AND m.is_active = TRUE AND m.deleted_at IS NULL\n       ORDER BY (m.current_stock / NULLIF(m.minimum_stock, 0)) ASC\n       LIMIT 20","duration":"1029ms","rows":11}
2026-05-29 13:36:27 [WARN]: Slow query detected {"query":"SELECT m.name, m.code, SUM(po.produced_quantity) AS total_produced,\n                SUM(po.rejected_quantity) AS total_rejected\n         FROM production_orders po\n         JOIN materials m ON po.product_material_id = m.id\n         WHERE po.company_id = $1 AND po.deleted_at IS NULL\n         AND po.created_at >= NOW() - INTERVAL '30 days'\n         GROUP BY m.id, m.name, m.code\n         ORDER BY total_produced DESC LIMIT 10","duration":"1037ms","rows":0}
2026-05-29 13:36:27 [WARN]: Slow query detected {"query":"SELECT po.id, po.order_number, po.status, po.priority,\n              po.planned_start_date, po.planned_end_date, po.actual_start_date, po.actual_end_date,\n              m.name AS product_name,\n              ws.name AS current_stage, ws.color AS stage_color,\n              CASE WHEN po.planned_end_date < CURRENT_DATE AND po.status NOT IN ('completed','cancelled') THEN TRUE ELSE FALSE END AS is_delayed\n       FROM production_orders po\n       LEFT JOIN materials m ON po.product_material_id = m.id\n       LEFT JOIN workflow_stages ws ON po.current_stage_id = ws.id\n       WHERE po.company_id = $1 AND po.deleted_at IS NULL\n       AND po.status NOT IN ('cancelled')\n       ORDER BY po.planned_start_date ASC\n       LIMIT 50","duration":"1116ms","rows":4}
2026-05-29 13:36:27 [WARN]: Slow query detected {"query":"SELECT status, plan_id, trial_ends_at, expiry_date FROM company_subscriptions WHERE company_id=$1","duration":"1017ms","rows":0}
2026-05-29 13:37:53 [WARN]: Slow query detected {"query":"SELECT status, COUNT(*) AS count FROM production_orders\n         WHERE company_id = $1 AND deleted_at IS NULL\n         AND created_at >= NOW() - INTERVAL '30 days'\n         GROUP BY status","duration":"1020ms","rows":3}
2026-05-29 13:37:53 [WARN]: Slow query detected {"query":"SELECT status, COUNT(*) AS count FROM dispatches\n         WHERE company_id = $1 AND deleted_at IS NULL\n         AND created_at >= NOW() - INTERVAL '30 days'\n         GROUP BY status","duration":"1033ms","rows":0}
2026-05-29 13:37:53 [WARN]: Slow query detected {"query":"SELECT m.name, m.code, SUM(po.produced_quantity) AS total_produced,\n                SUM(po.rejected_quantity) AS total_rejected\n         FROM production_orders po\n         JOIN materials m ON po.product_material_id = m.id\n         WHERE po.company_id = $1 AND po.deleted_at IS NULL\n         AND po.created_at >= NOW() - INTERVAL '30 days'\n         GROUP BY m.id, m.name, m.code\n         ORDER BY total_produced DESC LIMIT 10","duration":"1053ms","rows":0}
2026-05-29 13:37:53 [WARN]: Slow query detected {"query":"SELECT m.id, m.code, m.name, m.unit, m.current_stock, m.minimum_stock,\n              m.reorder_level, m.reorder_quantity, m.purchase_rate,\n              mc.name AS category_name, w.name AS warehouse_name,\n              s.name AS supplier_name, s.contact_person AS supplier_contact, s.phone AS supplier_phone\n       FROM materials m\n       LEFT JOIN material_categories mc ON m.category_id = mc.id\n       LEFT JOIN warehouses w ON m.warehouse_id = w.id\n       LEFT JOIN suppliers s ON m.supplier_id = s.id\n       WHERE m.company_id = $1 AND m.current_stock <= m.minimum_stock\n       AND m.is_active = TRUE AND m.deleted_at IS NULL\n       ORDER BY (m.current_stock / NULLIF(m.minimum_stock, 0)) ASC\n       LIMIT 20","duration":"1090ms","rows":11}
2026-05-29 13:37:53 [WARN]: Slow query detected {"query":"SELECT po.id, po.order_number, po.status, po.priority,\n              po.planned_start_date, po.planned_end_date, po.actual_start_date, po.actual_end_date,\n              m.name AS product_name,\n              ws.name AS current_stage, ws.color AS stage_color,\n              CASE WHEN po.planned_end_date < CURRENT_DATE AND po.status NOT IN ('completed','cancelled') THEN TRUE ELSE FALSE END AS is_delayed\n       FROM production_orders po\n       LEFT JOIN materials m ON po.product_material_id = m.id\n       LEFT JOIN workflow_stages ws ON po.current_stage_id = ws.id\n       WHERE po.company_id = $1 AND po.deleted_at IS NULL\n       AND po.status NOT IN ('cancelled')\n       ORDER BY po.planned_start_date ASC\n       LIMIT 50","duration":"1166ms","rows":4}
2026-05-29 13:37:53 [WARN]: Slow query detected {"query":"SELECT status, plan_id, trial_ends_at, expiry_date FROM company_subscriptions WHERE company_id=$1","duration":"1038ms","rows":0}
2026-05-29 13:39:12 [INFO]: Socket connected: 3hGygBfwP5JwbddZAAAB (user: cfc2c2df-0ca8-4f06-a42e-d98f24e0e562)
2026-05-29 13:39:35 [INFO]: SIGINT received. Shutting down gracefully...
