2026-06-02 03:41:31 [INFO]: 🚀 ERP Server running on port 5000 in development mode
2026-06-02 03:41:31 [INFO]: 📊 API: http://localhost:5000/api
2026-06-02 03:41:31 [INFO]: 🔌 Socket.IO: ws://localhost:5000
2026-06-02 03:41:31 [INFO]: ❤️  Health: http://localhost:5000/health
2026-06-02 03:41:33 [INFO]: Database connected successfully at Tue Jun 02 2026 03:41:34 GMT+0530 (India Standard Time)
2026-06-02 03:41:33 [INFO]: ✅ Database connected
2026-06-02 03:41:33 [INFO]: ✅ Redis connected
2026-06-02 03:41:33 [INFO]: SMTP READY
2026-06-02 03:42:13 [WARN]: Slow query detected {"query":"SELECT COUNT(*) AS total,\n           COUNT(*) FILTER (WHERE status = 'pending') AS pending,\n           COUNT(*) FILTER (WHERE status = 'in_progress') AS in_progress,\n           COUNT(*) FILTER (WHERE status = 'completed') AS completed,\n           COUNT(*) FILTER (WHERE created_at >= NOW() - INTERVAL '30 days') AS period_total\n         FROM sales_orders WHERE company_id = $1 AND deleted_at IS NULL","duration":"1005ms","rows":1}
2026-06-02 03:42:13 [WARN]: Slow query detected {"query":"SELECT COUNT(*) AS total_materials,\n           COALESCE(SUM(current_stock * purchase_rate), 0) AS stock_value,\n           COUNT(*) FILTER (WHERE current_stock <= minimum_stock) AS low_stock_count,\n           COUNT(*) FILTER (WHERE current_stock = 0) AS out_of_stock\n         FROM materials WHERE company_id = $1 AND is_active = TRUE AND deleted_at IS NULL","duration":"1009ms","rows":1}
2026-06-02 03:42:13 [WARN]: Slow query detected {"query":"SELECT COUNT(*) AS total,\n           COUNT(*) FILTER (WHERE status = 'dispatched') AS in_transit,\n           COUNT(*) FILTER (WHERE status = 'delivered') AS delivered,\n           COUNT(*) FILTER (WHERE expected_delivery_date < CURRENT_DATE AND status NOT IN ('delivered','returned')) AS delayed\n         FROM dispatches WHERE company_id = $1 AND deleted_at IS NULL\n         AND created_at >= NOW() - INTERVAL '30 days'","duration":"1014ms","rows":1}
2026-06-02 03:42:13 [WARN]: Slow query detected {"query":"SELECT COUNT(*) AS total,\n           COUNT(*) FILTER (WHERE status = 'pending') AS pending,\n           COUNT(*) FILTER (WHERE status = 'in_progress') AS running,\n           COUNT(*) FILTER (WHERE status = 'completed') AS completed,\n           COUNT(*) FILTER (WHERE planned_end_date < CURRENT_DATE AND status NOT IN ('completed','cancelled')) AS delayed,\n           COALESCE(SUM(produced_quantity), 0) AS total_produced,\n           COALESCE(SUM(rejected_quantity), 0) AS total_rejected\n         FROM production_orders WHERE company_id = $1 AND deleted_at IS NULL\n         AND created_at >= NOW() - INTERVAL '30 days'","duration":"1024ms","rows":1}
2026-06-02 03:42:13 [WARN]: Slow query detected {"query":"SELECT po.id, po.order_number, po.status, po.priority,\n              po.planned_start_date, po.planned_end_date, po.actual_start_date, po.actual_end_date,\n              m.name AS product_name,\n              ws.name AS current_stage, ws.color AS stage_color,\n              CASE WHEN po.planned_end_date < CURRENT_DATE AND po.status NOT IN ('completed','cancelled') THEN TRUE ELSE FALSE END AS is_delayed\n       FROM production_orders po\n       LEFT JOIN materials m ON po.product_material_id = m.id\n       LEFT JOIN workflow_stages ws ON po.current_stage_id = ws.id\n       WHERE po.company_id = $1 AND po.deleted_at IS NULL\n       AND po.status NOT IN ('cancelled')\n       ORDER BY po.planned_start_date ASC\n       LIMIT 50","duration":"1036ms","rows":4}
2026-06-02 03:43:07 [ERROR]: Transaction failed:
2026-06-02 03:43:07 [ERROR]: Error: null value in column "rate" of relation "invoice_items" violates not-null constraint {"url":"/api/invoices","method":"POST","userId":"cfc2c2df-0ca8-4f06-a42e-d98f24e0e562","companyId":"8cf84328-5d58-432e-b0c8-3c661d0344e7"}
error: null value in column "rate" of relation "invoice_items" violates not-null constraint
    at C:\Users\kajal\OneDrive\Desktop\subscription\backend\node_modules\pg\lib\client.js:631:17
    at process.processTicksAndRejections (node:internal/process/task_queues:105:5)
    at async C:\Users\kajal\OneDrive\Desktop\subscription\backend\src\controllers\invoice.controller.js:148:9
    at async transaction (C:\Users\kajal\OneDrive\Desktop\subscription\backend\src\config\database.js:152:20)
    at async create (C:\Users\kajal\OneDrive\Desktop\subscription\backend\src\controllers\invoice.controller.js:125:20)
