2026-05-15 16:15:56 [INFO]: 🚀 ERP Server running on port 5000 in development mode
2026-05-15 16:15:56 [INFO]: 📊 API: http://localhost:5000/api
2026-05-15 16:15:56 [INFO]: 🔌 Socket.IO: ws://localhost:5000
2026-05-15 16:15:56 [INFO]: ❤️  Health: http://localhost:5000/health
2026-05-15 16:15:58 [INFO]: Database connected successfully at Fri May 15 2026 16:15:58 GMT+0530 (India Standard Time)
2026-05-15 16:15:58 [INFO]: ✅ Database connected
2026-05-15 16:15:58 [INFO]: ✅ Redis connected
2026-05-15 16:17:09 [INFO]: Socket connected: tHKsHl5CdXS6mZu1AAAB (user: 411f2fde-13b6-417f-a9fc-a1d68e76a7ac)
2026-05-15 16:17:10 [WARN]: Slow query detected {"query":"SELECT COUNT(*) FROM notifications WHERE user_id = $1 AND company_id = $2 AND is_read = FALSE","duration":"1482ms","rows":1}
2026-05-15 16:17:10 [WARN]: Slow query detected {"query":"SELECT COUNT(*), COALESCE(SUM(balance_amount), 0) AS amount\n         FROM invoices WHERE company_id = $1 AND payment_status != 'paid' AND deleted_at IS NULL","duration":"1195ms","rows":1}
2026-05-15 16:17:10 [WARN]: Slow query detected {"query":"SELECT DATE(invoice_date) AS date, COALESCE(SUM(net_amount), 0) AS revenue, COUNT(*) AS invoices\n         FROM invoices\n         WHERE company_id = $1 AND deleted_at IS NULL\n         AND invoice_date >= NOW() - INTERVAL '30 days'\n         GROUP BY DATE(invoice_date) ORDER BY date","duration":"1295ms","rows":0}
2026-05-15 16:17:10 [WARN]: Slow query detected {"query":"SELECT COUNT(*) AS total,\n           COUNT(*) FILTER (WHERE status = 'pending') AS pending,\n           COUNT(*) FILTER (WHERE status = 'in_progress') AS running,\n           COUNT(*) FILTER (WHERE status = 'completed') AS completed,\n           COUNT(*) FILTER (WHERE planned_end_date < CURRENT_DATE AND status NOT IN ('completed','cancelled')) AS delayed,\n           COALESCE(SUM(produced_quantity), 0) AS total_produced,\n           COALESCE(SUM(rejected_quantity), 0) AS total_rejected\n         FROM production_orders WHERE company_id = $1 AND deleted_at IS NULL\n         AND created_at >= NOW() - INTERVAL '30 days'","duration":"1381ms","rows":1}
2026-05-15 16:17:10 [WARN]: Slow query detected {"query":"SELECT status, COUNT(*) AS count FROM production_orders\n         WHERE company_id = $1 AND deleted_at IS NULL\n         AND created_at >= NOW() - INTERVAL '30 days'\n         GROUP BY status","duration":"1325ms","rows":1}
2026-05-15 16:17:10 [WARN]: Slow query detected {"query":"SELECT COUNT(*) AS total,\n           COUNT(*) FILTER (WHERE status = 'pending') AS pending,\n           COUNT(*) FILTER (WHERE status = 'in_progress') AS in_progress,\n           COUNT(*) FILTER (WHERE status = 'completed') AS completed,\n           COUNT(*) FILTER (WHERE created_at >= NOW() - INTERVAL '30 days') AS period_total\n         FROM sales_orders WHERE company_id = $1 AND deleted_at IS NULL","duration":"1432ms","rows":1}
2026-05-15 16:17:10 [WARN]: Slow query detected {"query":"SELECT COUNT(*) AS total,\n           COUNT(*) FILTER (WHERE status = 'dispatched') AS in_transit,\n           COUNT(*) FILTER (WHERE status = 'delivered') AS delivered,\n           COUNT(*) FILTER (WHERE expected_delivery_date < CURRENT_DATE AND status NOT IN ('delivered','returned')) AS delayed\n         FROM dispatches WHERE company_id = $1 AND deleted_at IS NULL\n         AND created_at >= NOW() - INTERVAL '30 days'","duration":"1432ms","rows":1}
2026-05-15 16:17:11 [WARN]: Slow query detected {"query":"SELECT status, COUNT(*) AS count FROM dispatches\n         WHERE company_id = $1 AND deleted_at IS NULL\n         AND created_at >= NOW() - INTERVAL '30 days'\n         GROUP BY status","duration":"1580ms","rows":0}
2026-05-15 16:17:11 [WARN]: Slow query detected {"query":"SELECT m.name, m.code, SUM(po.produced_quantity) AS total_produced,\n                SUM(po.rejected_quantity) AS total_rejected\n         FROM production_orders po\n         JOIN materials m ON po.product_material_id = m.id\n         WHERE po.company_id = $1 AND po.deleted_at IS NULL\n         AND po.created_at >= NOW() - INTERVAL '30 days'\n         GROUP BY m.id, m.name, m.code\n         ORDER BY total_produced DESC LIMIT 10","duration":"1583ms","rows":0}
2026-05-15 16:17:11 [WARN]: Slow query detected {"query":"SELECT po.id, po.order_number, po.status, po.priority,\n              po.planned_start_date, po.planned_end_date, po.actual_start_date, po.actual_end_date,\n              m.name AS product_name,\n              ws.name AS current_stage, ws.color AS stage_color,\n              CASE WHEN po.planned_end_date < CURRENT_DATE AND po.status NOT IN ('completed','cancelled') THEN TRUE ELSE FALSE END AS is_delayed\n       FROM production_orders po\n       LEFT JOIN materials m ON po.product_material_id = m.id\n       LEFT JOIN workflow_stages ws ON po.current_stage_id = ws.id\n       WHERE po.company_id = $1 AND po.deleted_at IS NULL\n       AND po.status NOT IN ('cancelled')\n       ORDER BY po.planned_start_date ASC\n       LIMIT 50","duration":"1494ms","rows":1}
2026-05-15 16:17:11 [WARN]: Slow query detected {"query":"SELECT m.id, m.code, m.name, m.unit, m.current_stock, m.minimum_stock,\n              m.reorder_level, m.reorder_quantity, m.purchase_rate,\n              mc.name AS category_name, w.name AS warehouse_name,\n              s.name AS supplier_name, s.contact_person AS supplier_contact, s.phone AS supplier_phone\n       FROM materials m\n       LEFT JOIN material_categories mc ON m.category_id = mc.id\n       LEFT JOIN warehouses w ON m.warehouse_id = w.id\n       LEFT JOIN suppliers s ON m.supplier_id = s.id\n       WHERE m.company_id = $1 AND m.current_stock <= m.minimum_stock\n       AND m.is_active = TRUE AND m.deleted_at IS NULL\n       ORDER BY (m.current_stock / NULLIF(m.minimum_stock, 0)) ASC\n       LIMIT 20","duration":"1508ms","rows":0}
2026-05-15 16:23:20 [WARN]: Slow query detected {"query":"SELECT cs.id, cs.status, cs.plan_id, cs.trial_ends_at,\n              cs.expiry_date, cs.billing_cycle\n       FROM company_subscriptions cs\n       WHERE cs.company_id = $1","duration":"2438ms","rows":1}
2026-05-15 16:42:12 [INFO]: Socket disconnected: tHKsHl5CdXS6mZu1AAAB
2026-05-15 16:43:00 [INFO]: 🚀 ERP Server running on port 5000 in development mode
2026-05-15 16:43:00 [INFO]: 📊 API: http://localhost:5000/api
2026-05-15 16:43:00 [INFO]: 🔌 Socket.IO: ws://localhost:5000
2026-05-15 16:43:00 [INFO]: ❤️  Health: http://localhost:5000/health
