2026-05-09 00:00:12 [WARN]: Slow query detected {"query":"SELECT COUNT(*) FROM notifications WHERE user_id = $1 AND company_id = $2 AND is_read = FALSE","duration":"1163ms","rows":1}
2026-05-09 00:07:19 [WARN]: Slow query detected {"query":"SELECT COUNT(*) FROM notifications WHERE user_id = $1 AND company_id = $2 AND is_read = FALSE","duration":"1137ms","rows":1}
2026-05-09 00:09:22 [WARN]: Slow query detected {"query":"SELECT COUNT(*) FROM notifications WHERE user_id = $1 AND company_id = $2 AND is_read = FALSE","duration":"1103ms","rows":1}
2026-05-09 00:13:42 [INFO]: 🚀 ERP Server running on port 5000 in development mode
2026-05-09 00:13:42 [INFO]: 📊 API: http://localhost:5000/api
2026-05-09 00:13:42 [INFO]: 🔌 Socket.IO: ws://localhost:5000
2026-05-09 00:13:42 [INFO]: ❤️  Health: http://localhost:5000/health
2026-05-09 00:13:43 [INFO]: Database connected successfully at Sat May 09 2026 00:13:49 GMT+0530 (India Standard Time)
2026-05-09 00:13:43 [INFO]: ✅ Database connected
2026-05-09 00:13:43 [INFO]: ✅ Redis connected
2026-05-09 11:26:55 [INFO]: 🚀 ERP Server running on port 5000 in development mode
2026-05-09 11:26:55 [INFO]: 📊 API: http://localhost:5000/api
2026-05-09 11:26:55 [INFO]: 🔌 Socket.IO: ws://localhost:5000
2026-05-09 11:26:55 [INFO]: ❤️  Health: http://localhost:5000/health
2026-05-09 11:26:56 [INFO]: Database connected successfully at Sat May 09 2026 11:27:02 GMT+0530 (India Standard Time)
2026-05-09 11:26:56 [INFO]: ✅ Database connected
2026-05-09 11:26:56 [INFO]: ✅ Redis connected
2026-05-09 11:30:06 [INFO]: Socket connected: lsq9w2JOhk00E8y8AAAB (user: cfc2c2df-0ca8-4f06-a42e-d98f24e0e562)
2026-05-09 11:30:07 [WARN]: Slow query detected {"query":"SELECT status, COUNT(*) AS count FROM dispatches\n         WHERE company_id = $1 AND deleted_at IS NULL\n         AND created_at >= NOW() - INTERVAL '30 days'\n         GROUP BY status","duration":"1007ms","rows":0}
2026-05-09 11:30:07 [WARN]: Slow query detected {"query":"SELECT m.name, m.code, SUM(po.produced_quantity) AS total_produced,\n                SUM(po.rejected_quantity) AS total_rejected\n         FROM production_orders po\n         JOIN materials m ON po.product_material_id = m.id\n         WHERE po.company_id = $1 AND po.deleted_at IS NULL\n         AND po.created_at >= NOW() - INTERVAL '30 days'\n         GROUP BY m.id, m.name, m.code\n         ORDER BY total_produced DESC LIMIT 10","duration":"1170ms","rows":0}
2026-05-09 11:30:08 [WARN]: Slow query detected {"query":"SELECT m.id, m.code, m.name, m.unit, m.current_stock, m.minimum_stock,\n              m.reorder_level, m.reorder_quantity, m.purchase_rate,\n              mc.name AS category_name, w.name AS warehouse_name,\n              s.name AS supplier_name, s.contact_person AS supplier_contact, s.phone AS supplier_phone\n       FROM materials m\n       LEFT JOIN material_categories mc ON m.category_id = mc.id\n       LEFT JOIN warehouses w ON m.warehouse_id = w.id\n       LEFT JOIN suppliers s ON m.supplier_id = s.id\n       WHERE m.company_id = $1 AND m.current_stock <= m.minimum_stock\n       AND m.is_active = TRUE AND m.deleted_at IS NULL\n       ORDER BY (m.current_stock / NULLIF(m.minimum_stock, 0)) ASC\n       LIMIT 20","duration":"1252ms","rows":11}
2026-05-09 11:30:08 [WARN]: Slow query detected {"query":"SELECT po.id, po.order_number, po.status, po.priority,\n              po.planned_start_date, po.planned_end_date, po.actual_start_date, po.actual_end_date,\n              m.name AS product_name,\n              ws.name AS current_stage, ws.color AS stage_color,\n              CASE WHEN po.planned_end_date < CURRENT_DATE AND po.status NOT IN ('completed','cancelled') THEN TRUE ELSE FALSE END AS is_delayed\n       FROM production_orders po\n       LEFT JOIN materials m ON po.product_material_id = m.id\n       LEFT JOIN workflow_stages ws ON po.current_stage_id = ws.id\n       WHERE po.company_id = $1 AND po.deleted_at IS NULL\n       AND po.status NOT IN ('cancelled')\n       ORDER BY po.planned_start_date ASC\n       LIMIT 50","duration":"1417ms","rows":4}
2026-05-09 11:30:08 [WARN]: Slow query detected {"query":"SELECT COUNT(*) AS total_materials,\n           COALESCE(SUM(current_stock * purchase_rate), 0) AS stock_value,\n           COUNT(*) FILTER (WHERE current_stock <= minimum_stock) AS low_stock_count,\n           COUNT(*) FILTER (WHERE current_stock = 0) AS out_of_stock\n         FROM materials WHERE company_id = $1 AND is_active = TRUE AND deleted_at IS NULL","duration":"1931ms","rows":1}
2026-05-09 11:30:08 [WARN]: Slow query detected {"query":"SELECT COUNT(*) AS total,\n           COUNT(*) FILTER (WHERE status = 'pending') AS pending,\n           COUNT(*) FILTER (WHERE status = 'in_progress') AS running,\n           COUNT(*) FILTER (WHERE status = 'completed') AS completed,\n           COUNT(*) FILTER (WHERE planned_end_date < CURRENT_DATE AND status NOT IN ('completed','cancelled')) AS delayed,\n           COALESCE(SUM(produced_quantity), 0) AS total_produced,\n           COALESCE(SUM(rejected_quantity), 0) AS total_rejected\n         FROM production_orders WHERE company_id = $1 AND deleted_at IS NULL\n         AND created_at >= NOW() - INTERVAL '30 days'","duration":"1970ms","rows":1}
2026-05-09 11:30:08 [WARN]: Slow query detected {"query":"SELECT COUNT(*) AS total,\n           COUNT(*) FILTER (WHERE status = 'pending') AS pending,\n           COUNT(*) FILTER (WHERE status = 'in_progress') AS in_progress,\n           COUNT(*) FILTER (WHERE status = 'completed') AS completed,\n           COUNT(*) FILTER (WHERE created_at >= NOW() - INTERVAL '30 days') AS period_total\n         FROM sales_orders WHERE company_id = $1 AND deleted_at IS NULL","duration":"1988ms","rows":1}
2026-05-09 11:30:08 [WARN]: Slow query detected {"query":"SELECT COUNT(*) AS total,\n           COUNT(*) FILTER (WHERE status = 'dispatched') AS in_transit,\n           COUNT(*) FILTER (WHERE status = 'delivered') AS delivered,\n           COUNT(*) FILTER (WHERE expected_delivery_date < CURRENT_DATE AND status NOT IN ('delivered','returned')) AS delayed\n         FROM dispatches WHERE company_id = $1 AND deleted_at IS NULL\n         AND created_at >= NOW() - INTERVAL '30 days'","duration":"1985ms","rows":1}
2026-05-09 11:31:06 [ERROR]: Error: No token provided {"url":"/api/production/export","method":"GET"}
Error: No token provided
    at authenticate (C:\Users\kajal\OneDrive\Desktop\subscription\backend\src\middleware\auth.js:10:13)
    at newFn (C:\Users\kajal\OneDrive\Desktop\subscription\backend\node_modules\express-async-errors\index.js:16:20)
    at Layer.handle [as handle_request] (C:\Users\kajal\OneDrive\Desktop\subscription\backend\node_modules\express\lib\router\layer.js:95:5)
    at trim_prefix (C:\Users\kajal\OneDrive\Desktop\subscription\backend\node_modules\express\lib\router\index.js:328:13)
    at C:\Users\kajal\OneDrive\Desktop\subscription\backend\node_modules\express\lib\router\index.js:286:9
    at Function.process_params (C:\Users\kajal\OneDrive\Desktop\subscription\backend\node_modules\express\lib\router\index.js:346:12)
    at next (C:\Users\kajal\OneDrive\Desktop\subscription\backend\node_modules\express\lib\router\index.js:280:10)
    at Function.handle (C:\Users\kajal\OneDrive\Desktop\subscription\backend\node_modules\express\lib\router\index.js:175:3)
    at router (C:\Users\kajal\OneDrive\Desktop\subscription\backend\node_modules\express\lib\router\index.js:47:12)
    at newFn (C:\Users\kajal\OneDrive\Desktop\subscription\backend\node_modules\express-async-errors\index.js:16:20)
2026-05-09 11:31:06 [INFO]: Socket disconnected: lsq9w2JOhk00E8y8AAAB
2026-05-09 11:41:24 [INFO]: 🚀 ERP Server running on port 5000 in development mode
2026-05-09 11:41:24 [INFO]: 📊 API: http://localhost:5000/api
2026-05-09 11:41:24 [INFO]: 🔌 Socket.IO: ws://localhost:5000
2026-05-09 11:41:24 [INFO]: ❤️  Health: http://localhost:5000/health
2026-05-09 11:41:25 [INFO]: Database connected successfully at Sat May 09 2026 11:41:31 GMT+0530 (India Standard Time)
2026-05-09 11:41:25 [INFO]: ✅ Database connected
2026-05-09 11:41:25 [INFO]: ✅ Redis connected
2026-05-09 11:44:11 [INFO]: 🚀 ERP Server running on port 5000 in development mode
2026-05-09 11:44:11 [INFO]: 📊 API: http://localhost:5000/api
2026-05-09 11:44:11 [INFO]: 🔌 Socket.IO: ws://localhost:5000
2026-05-09 11:44:11 [INFO]: ❤️  Health: http://localhost:5000/health
2026-05-09 11:44:12 [INFO]: Database connected successfully at Sat May 09 2026 11:44:18 GMT+0530 (India Standard Time)
2026-05-09 11:44:12 [INFO]: ✅ Database connected
2026-05-09 11:44:12 [INFO]: ✅ Redis connected
2026-05-09 11:44:49 [INFO]: 🚀 ERP Server running on port 5000 in development mode
2026-05-09 11:44:49 [INFO]: 📊 API: http://localhost:5000/api
2026-05-09 11:44:49 [INFO]: 🔌 Socket.IO: ws://localhost:5000
2026-05-09 11:44:49 [INFO]: ❤️  Health: http://localhost:5000/health
2026-05-09 11:44:50 [INFO]: Database connected successfully at Sat May 09 2026 11:44:55 GMT+0530 (India Standard Time)
2026-05-09 11:44:50 [INFO]: ✅ Database connected
2026-05-09 11:44:50 [INFO]: ✅ Redis connected
2026-05-09 11:51:38 [INFO]: 🚀 ERP Server running on port 5000 in development mode
2026-05-09 11:51:38 [INFO]: 📊 API: http://localhost:5000/api
2026-05-09 11:51:38 [INFO]: 🔌 Socket.IO: ws://localhost:5000
2026-05-09 11:51:38 [INFO]: ❤️  Health: http://localhost:5000/health
2026-05-09 11:51:38 [INFO]: Database connected successfully at Sat May 09 2026 11:51:44 GMT+0530 (India Standard Time)
2026-05-09 11:51:38 [INFO]: ✅ Database connected
2026-05-09 11:51:38 [INFO]: ✅ Redis connected
2026-05-09 11:55:52 [INFO]: 🚀 ERP Server running on port 5000 in development mode
2026-05-09 11:55:52 [INFO]: 📊 API: http://localhost:5000/api
2026-05-09 11:55:52 [INFO]: 🔌 Socket.IO: ws://localhost:5000
2026-05-09 11:55:52 [INFO]: ❤️  Health: http://localhost:5000/health
2026-05-09 11:55:53 [INFO]: Database connected successfully at Sat May 09 2026 11:55:59 GMT+0530 (India Standard Time)
2026-05-09 11:55:53 [INFO]: ✅ Database connected
2026-05-09 11:55:53 [INFO]: ✅ Redis connected
2026-05-09 12:00:20 [INFO]: 🚀 ERP Server running on port 5000 in development mode
2026-05-09 12:00:20 [INFO]: 📊 API: http://localhost:5000/api
2026-05-09 12:00:20 [INFO]: 🔌 Socket.IO: ws://localhost:5000
2026-05-09 12:00:20 [INFO]: ❤️  Health: http://localhost:5000/health
2026-05-09 12:00:21 [INFO]: Database connected successfully at Sat May 09 2026 12:00:27 GMT+0530 (India Standard Time)
2026-05-09 12:00:21 [INFO]: ✅ Database connected
2026-05-09 12:00:21 [INFO]: ✅ Redis connected
2026-05-09 12:00:24 [ERROR]: Error: jwt expired {"url":"/api/notifications/unread-count","method":"GET"}
TokenExpiredError: jwt expired
    at C:\Users\kajal\OneDrive\Desktop\subscription\backend\node_modules\jsonwebtoken\verify.js:190:21
    at getSecret (C:\Users\kajal\OneDrive\Desktop\subscription\backend\node_modules\jsonwebtoken\verify.js:97:14)
    at module.exports [as verify] (C:\Users\kajal\OneDrive\Desktop\subscription\backend\node_modules\jsonwebtoken\verify.js:101:10)
    at authenticate (C:\Users\kajal\OneDrive\Desktop\subscription\backend\src\middleware\auth.js:14:25)
    at newFn (C:\Users\kajal\OneDrive\Desktop\subscription\backend\node_modules\express-async-errors\index.js:16:20)
    at Layer.handle [as handle_request] (C:\Users\kajal\OneDrive\Desktop\subscription\backend\node_modules\express\lib\router\layer.js:95:5)
    at trim_prefix (C:\Users\kajal\OneDrive\Desktop\subscription\backend\node_modules\express\lib\router\index.js:328:13)
    at C:\Users\kajal\OneDrive\Desktop\subscription\backend\node_modules\express\lib\router\index.js:286:9
    at Function.process_params (C:\Users\kajal\OneDrive\Desktop\subscription\backend\node_modules\express\lib\router\index.js:346:12)
    at next (C:\Users\kajal\OneDrive\Desktop\subscription\backend\node_modules\express\lib\router\index.js:280:10)
2026-05-09 12:00:40 [INFO]: 🚀 ERP Server running on port 5000 in development mode
2026-05-09 12:00:40 [INFO]: 📊 API: http://localhost:5000/api
2026-05-09 12:00:40 [INFO]: 🔌 Socket.IO: ws://localhost:5000
2026-05-09 12:00:40 [INFO]: ❤️  Health: http://localhost:5000/health
2026-05-09 12:00:41 [INFO]: Database connected successfully at Sat May 09 2026 12:00:47 GMT+0530 (India Standard Time)
2026-05-09 12:00:41 [INFO]: ✅ Database connected
2026-05-09 12:00:41 [INFO]: ✅ Redis connected
2026-05-09 12:00:46 [INFO]: 🚀 ERP Server running on port 5000 in development mode
2026-05-09 12:00:46 [INFO]: 📊 API: http://localhost:5000/api
2026-05-09 12:00:46 [INFO]: 🔌 Socket.IO: ws://localhost:5000
2026-05-09 12:00:46 [INFO]: ❤️  Health: http://localhost:5000/health
2026-05-09 12:00:47 [INFO]: Database connected successfully at Sat May 09 2026 12:00:52 GMT+0530 (India Standard Time)
2026-05-09 12:00:47 [INFO]: ✅ Database connected
2026-05-09 12:00:47 [INFO]: ✅ Redis connected
2026-05-09 12:00:52 [INFO]: 🚀 ERP Server running on port 5000 in development mode
2026-05-09 12:00:52 [INFO]: 📊 API: http://localhost:5000/api
2026-05-09 12:00:52 [INFO]: 🔌 Socket.IO: ws://localhost:5000
2026-05-09 12:00:52 [INFO]: ❤️  Health: http://localhost:5000/health
2026-05-09 12:00:52 [INFO]: Database connected successfully at Sat May 09 2026 12:00:58 GMT+0530 (India Standard Time)
2026-05-09 12:00:52 [INFO]: ✅ Database connected
2026-05-09 12:00:52 [INFO]: ✅ Redis connected
2026-05-09 12:04:23 [INFO]: 🚀 ERP Server running on port 5000 in development mode
2026-05-09 12:04:23 [INFO]: 📊 API: http://localhost:5000/api
2026-05-09 12:04:23 [INFO]: 🔌 Socket.IO: ws://localhost:5000
2026-05-09 12:04:23 [INFO]: ❤️  Health: http://localhost:5000/health
2026-05-09 12:04:24 [INFO]: Database connected successfully at Sat May 09 2026 12:04:30 GMT+0530 (India Standard Time)
2026-05-09 12:04:24 [INFO]: ✅ Database connected
2026-05-09 12:04:24 [INFO]: ✅ Redis connected
2026-05-09 12:04:30 [INFO]: 🚀 ERP Server running on port 5000 in development mode
2026-05-09 12:04:30 [INFO]: 📊 API: http://localhost:5000/api
2026-05-09 12:04:30 [INFO]: 🔌 Socket.IO: ws://localhost:5000
2026-05-09 12:04:30 [INFO]: ❤️  Health: http://localhost:5000/health
2026-05-09 12:04:31 [INFO]: Database connected successfully at Sat May 09 2026 12:04:37 GMT+0530 (India Standard Time)
2026-05-09 12:04:31 [INFO]: ✅ Database connected
2026-05-09 12:04:31 [INFO]: ✅ Redis connected
2026-05-09 12:04:36 [INFO]: 🚀 ERP Server running on port 5000 in development mode
2026-05-09 12:04:36 [INFO]: 📊 API: http://localhost:5000/api
2026-05-09 12:04:36 [INFO]: 🔌 Socket.IO: ws://localhost:5000
2026-05-09 12:04:36 [INFO]: ❤️  Health: http://localhost:5000/health
2026-05-09 12:04:37 [INFO]: Database connected successfully at Sat May 09 2026 12:04:43 GMT+0530 (India Standard Time)
2026-05-09 12:04:37 [INFO]: ✅ Database connected
2026-05-09 12:04:37 [INFO]: ✅ Redis connected
2026-05-09 12:07:32 [INFO]: SIGINT received. Shutting down gracefully...
2026-05-09 12:07:39 [INFO]: 🚀 ERP Server running on port 5000 in development mode
2026-05-09 12:07:39 [INFO]: 📊 API: http://localhost:5000/api
2026-05-09 12:07:39 [INFO]: 🔌 Socket.IO: ws://localhost:5000
2026-05-09 12:07:39 [INFO]: ❤️  Health: http://localhost:5000/health
2026-05-09 12:07:39 [INFO]: Database connected successfully at Sat May 09 2026 12:07:45 GMT+0530 (India Standard Time)
2026-05-09 12:07:39 [INFO]: ✅ Database connected
2026-05-09 12:07:39 [INFO]: ✅ Redis connected
2026-05-09 12:13:11 [INFO]: Socket connected: 2m_Qgs0FT7Tq7g0iAAAB (user: 00000000-0000-0000-0000-000000000002)
2026-05-09 12:13:11 [WARN]: Slow query detected {"query":"SELECT COALESCE(SUM(net_amount), 0) AS total_revenue,\n           COALESCE(SUM(net_amount) FILTER (WHERE payment_status = 'paid'), 0) AS paid_revenue,\n           COALESCE(SUM(balance_amount) FILTER (WHERE payment_status != 'paid'), 0) AS pending_revenue,\n           COUNT(*) AS total_invoices\n         FROM invoices WHERE company_id = $1 AND deleted_at IS NULL\n         AND invoice_date >= NOW() - INTERVAL '30 days'","duration":"1008ms","rows":1}
2026-05-09 12:13:12 [WARN]: Slow query detected {"query":"SELECT status, COUNT(*) AS count FROM dispatches\n         WHERE company_id = $1 AND deleted_at IS NULL\n         AND created_at >= NOW() - INTERVAL '30 days'\n         GROUP BY status","duration":"1055ms","rows":0}
2026-05-09 12:13:12 [WARN]: Slow query detected {"query":"SELECT COUNT(*) AS total_materials,\n           COALESCE(SUM(current_stock * purchase_rate), 0) AS stock_value,\n           COUNT(*) FILTER (WHERE current_stock <= minimum_stock) AS low_stock_count,\n           COUNT(*) FILTER (WHERE current_stock = 0) AS out_of_stock\n         FROM materials WHERE company_id = $1 AND is_active = TRUE AND deleted_at IS NULL","duration":"1078ms","rows":1}
2026-05-09 12:13:12 [WARN]: Slow query detected {"query":"SELECT m.name, m.code, SUM(po.produced_quantity) AS total_produced,\n                SUM(po.rejected_quantity) AS total_rejected\n         FROM production_orders po\n         JOIN materials m ON po.product_material_id = m.id\n         WHERE po.company_id = $1 AND po.deleted_at IS NULL\n         AND po.created_at >= NOW() - INTERVAL '30 days'\n         GROUP BY m.id, m.name, m.code\n         ORDER BY total_produced DESC LIMIT 10","duration":"1108ms","rows":0}
2026-05-09 12:13:47 [INFO]: Socket disconnected: 2m_Qgs0FT7Tq7g0iAAAB
2026-05-09 12:22:56 [INFO]: Socket connected: xlLnLMhGQJHY4kkqAAAD (user: 0eac853c-71c9-4f11-9614-eb0e159d766f)
2026-05-09 12:39:07 [ERROR]: Error: jwt expired {"url":"/api/warehouses","method":"POST"}
TokenExpiredError: jwt expired
    at C:\Users\kajal\OneDrive\Desktop\subscription\backend\node_modules\jsonwebtoken\verify.js:190:21
    at getSecret (C:\Users\kajal\OneDrive\Desktop\subscription\backend\node_modules\jsonwebtoken\verify.js:97:14)
    at module.exports [as verify] (C:\Users\kajal\OneDrive\Desktop\subscription\backend\node_modules\jsonwebtoken\verify.js:101:10)
    at authenticate (C:\Users\kajal\OneDrive\Desktop\subscription\backend\src\middleware\auth.js:14:25)
    at newFn (C:\Users\kajal\OneDrive\Desktop\subscription\backend\node_modules\express-async-errors\index.js:16:20)
    at Layer.handle [as handle_request] (C:\Users\kajal\OneDrive\Desktop\subscription\backend\node_modules\express\lib\router\layer.js:95:5)
    at trim_prefix (C:\Users\kajal\OneDrive\Desktop\subscription\backend\node_modules\express\lib\router\index.js:328:13)
    at C:\Users\kajal\OneDrive\Desktop\subscription\backend\node_modules\express\lib\router\index.js:286:9
    at Function.process_params (C:\Users\kajal\OneDrive\Desktop\subscription\backend\node_modules\express\lib\router\index.js:346:12)
    at next (C:\Users\kajal\OneDrive\Desktop\subscription\backend\node_modules\express\lib\router\index.js:280:10)
2026-05-09 12:58:07 [INFO]: Socket disconnected: xlLnLMhGQJHY4kkqAAAD
2026-05-09 13:07:14 [ERROR]: Error: jwt expired {"url":"/api/notifications/unread-count","method":"GET"}
TokenExpiredError: jwt expired
    at C:\Users\kajal\OneDrive\Desktop\subscription\backend\node_modules\jsonwebtoken\verify.js:190:21
    at getSecret (C:\Users\kajal\OneDrive\Desktop\subscription\backend\node_modules\jsonwebtoken\verify.js:97:14)
    at module.exports [as verify] (C:\Users\kajal\OneDrive\Desktop\subscription\backend\node_modules\jsonwebtoken\verify.js:101:10)
    at authenticate (C:\Users\kajal\OneDrive\Desktop\subscription\backend\src\middleware\auth.js:14:25)
    at newFn (C:\Users\kajal\OneDrive\Desktop\subscription\backend\node_modules\express-async-errors\index.js:16:20)
    at Layer.handle [as handle_request] (C:\Users\kajal\OneDrive\Desktop\subscription\backend\node_modules\express\lib\router\layer.js:95:5)
    at trim_prefix (C:\Users\kajal\OneDrive\Desktop\subscription\backend\node_modules\express\lib\router\index.js:328:13)
    at C:\Users\kajal\OneDrive\Desktop\subscription\backend\node_modules\express\lib\router\index.js:286:9
    at Function.process_params (C:\Users\kajal\OneDrive\Desktop\subscription\backend\node_modules\express\lib\router\index.js:346:12)
    at next (C:\Users\kajal\OneDrive\Desktop\subscription\backend\node_modules\express\lib\router\index.js:280:10)
2026-05-09 13:22:20 [ERROR]: Error: jwt expired {"url":"/api/notifications/unread-count","method":"GET"}
TokenExpiredError: jwt expired
    at C:\Users\kajal\OneDrive\Desktop\subscription\backend\node_modules\jsonwebtoken\verify.js:190:21
    at getSecret (C:\Users\kajal\OneDrive\Desktop\subscription\backend\node_modules\jsonwebtoken\verify.js:97:14)
    at module.exports [as verify] (C:\Users\kajal\OneDrive\Desktop\subscription\backend\node_modules\jsonwebtoken\verify.js:101:10)
    at authenticate (C:\Users\kajal\OneDrive\Desktop\subscription\backend\src\middleware\auth.js:14:25)
    at newFn (C:\Users\kajal\OneDrive\Desktop\subscription\backend\node_modules\express-async-errors\index.js:16:20)
    at Layer.handle [as handle_request] (C:\Users\kajal\OneDrive\Desktop\subscription\backend\node_modules\express\lib\router\layer.js:95:5)
    at trim_prefix (C:\Users\kajal\OneDrive\Desktop\subscription\backend\node_modules\express\lib\router\index.js:328:13)
    at C:\Users\kajal\OneDrive\Desktop\subscription\backend\node_modules\express\lib\router\index.js:286:9
    at Function.process_params (C:\Users\kajal\OneDrive\Desktop\subscription\backend\node_modules\express\lib\router\index.js:346:12)
    at next (C:\Users\kajal\OneDrive\Desktop\subscription\backend\node_modules\express\lib\router\index.js:280:10)
2026-05-09 16:24:11 [ERROR]: Error: jwt expired {"url":"/api/notifications/unread-count","method":"GET"}
TokenExpiredError: jwt expired
    at C:\Users\kajal\OneDrive\Desktop\subscription\backend\node_modules\jsonwebtoken\verify.js:190:21
    at getSecret (C:\Users\kajal\OneDrive\Desktop\subscription\backend\node_modules\jsonwebtoken\verify.js:97:14)
    at module.exports [as verify] (C:\Users\kajal\OneDrive\Desktop\subscription\backend\node_modules\jsonwebtoken\verify.js:101:10)
    at authenticate (C:\Users\kajal\OneDrive\Desktop\subscription\backend\src\middleware\auth.js:14:25)
    at newFn (C:\Users\kajal\OneDrive\Desktop\subscription\backend\node_modules\express-async-errors\index.js:16:20)
    at Layer.handle [as handle_request] (C:\Users\kajal\OneDrive\Desktop\subscription\backend\node_modules\express\lib\router\layer.js:95:5)
    at trim_prefix (C:\Users\kajal\OneDrive\Desktop\subscription\backend\node_modules\express\lib\router\index.js:328:13)
    at C:\Users\kajal\OneDrive\Desktop\subscription\backend\node_modules\express\lib\router\index.js:286:9
    at Function.process_params (C:\Users\kajal\OneDrive\Desktop\subscription\backend\node_modules\express\lib\router\index.js:346:12)
    at next (C:\Users\kajal\OneDrive\Desktop\subscription\backend\node_modules\express\lib\router\index.js:280:10)
2026-05-09 16:24:25 [WARN]: Retrying query after connection error:
2026-05-09 16:24:26 [WARN]: Slow query detected {"query":"SELECT COUNT(*) FROM suppliers WHERE company_id = $1 AND deleted_at IS NULL","duration":"11902ms","rows":1}
2026-05-09 16:24:26 [WARN]: Slow query detected {"query":"SELECT * FROM material_categories WHERE company_id = $1 AND is_active = TRUE ORDER BY name","duration":"2890ms","rows":6}
2026-05-09 16:50:52 [ERROR]: Error: jwt expired {"url":"/api/notifications/unread-count","method":"GET"}
TokenExpiredError: jwt expired
    at C:\Users\kajal\OneDrive\Desktop\subscription\backend\node_modules\jsonwebtoken\verify.js:190:21
    at getSecret (C:\Users\kajal\OneDrive\Desktop\subscription\backend\node_modules\jsonwebtoken\verify.js:97:14)
    at module.exports [as verify] (C:\Users\kajal\OneDrive\Desktop\subscription\backend\node_modules\jsonwebtoken\verify.js:101:10)
    at authenticate (C:\Users\kajal\OneDrive\Desktop\subscription\backend\src\middleware\auth.js:14:25)
    at newFn (C:\Users\kajal\OneDrive\Desktop\subscription\backend\node_modules\express-async-errors\index.js:16:20)
    at Layer.handle [as handle_request] (C:\Users\kajal\OneDrive\Desktop\subscription\backend\node_modules\express\lib\router\layer.js:95:5)
    at trim_prefix (C:\Users\kajal\OneDrive\Desktop\subscription\backend\node_modules\express\lib\router\index.js:328:13)
    at C:\Users\kajal\OneDrive\Desktop\subscription\backend\node_modules\express\lib\router\index.js:286:9
    at Function.process_params (C:\Users\kajal\OneDrive\Desktop\subscription\backend\node_modules\express\lib\router\index.js:346:12)
    at next (C:\Users\kajal\OneDrive\Desktop\subscription\backend\node_modules\express\lib\router\index.js:280:10)
2026-05-09 16:56:13 [INFO]: Socket connected: Tui0wGPeuAaaaDiuAAAH (user: cfc2c2df-0ca8-4f06-a42e-d98f24e0e562)
2026-05-09 16:56:49 [INFO]: Socket disconnected: Tui0wGPeuAaaaDiuAAAH
2026-05-09 16:56:57 [INFO]: Socket connected: EWBkvaRWKQdUpMrmAAAJ (user: 0eac853c-71c9-4f11-9614-eb0e159d766f)
2026-05-09 17:03:47 [INFO]: Socket disconnected: EWBkvaRWKQdUpMrmAAAJ
2026-05-09 18:00:46 [ERROR]: Idle client error (connection will be replaced):
