2026-05-13 13:51:50 [ERROR]: Error: jwt expired {"url":"/api/notifications/unread-count","method":"GET"}
TokenExpiredError: jwt expired
    at C:\Users\kajal\OneDrive\Desktop\subscription\backend\node_modules\jsonwebtoken\verify.js:190:21
    at getSecret (C:\Users\kajal\OneDrive\Desktop\subscription\backend\node_modules\jsonwebtoken\verify.js:97:14)
    at module.exports [as verify] (C:\Users\kajal\OneDrive\Desktop\subscription\backend\node_modules\jsonwebtoken\verify.js:101:10)
    at authenticate (C:\Users\kajal\OneDrive\Desktop\subscription\backend\src\middleware\auth.js:14:25)
    at newFn (C:\Users\kajal\OneDrive\Desktop\subscription\backend\node_modules\express-async-errors\index.js:16:20)
    at Layer.handle [as handle_request] (C:\Users\kajal\OneDrive\Desktop\subscription\backend\node_modules\express\lib\router\layer.js:95:5)
    at trim_prefix (C:\Users\kajal\OneDrive\Desktop\subscription\backend\node_modules\express\lib\router\index.js:328:13)
    at C:\Users\kajal\OneDrive\Desktop\subscription\backend\node_modules\express\lib\router\index.js:286:9
    at Function.process_params (C:\Users\kajal\OneDrive\Desktop\subscription\backend\node_modules\express\lib\router\index.js:346:12)
    at next (C:\Users\kajal\OneDrive\Desktop\subscription\backend\node_modules\express\lib\router\index.js:280:10)
2026-05-13 13:51:50 [ERROR]: Error: jwt expired {"url":"/api/dashboard/stats?period=30","method":"GET"}
TokenExpiredError: jwt expired
    at C:\Users\kajal\OneDrive\Desktop\subscription\backend\node_modules\jsonwebtoken\verify.js:190:21
    at getSecret (C:\Users\kajal\OneDrive\Desktop\subscription\backend\node_modules\jsonwebtoken\verify.js:97:14)
    at module.exports [as verify] (C:\Users\kajal\OneDrive\Desktop\subscription\backend\node_modules\jsonwebtoken\verify.js:101:10)
    at authenticate (C:\Users\kajal\OneDrive\Desktop\subscription\backend\src\middleware\auth.js:14:25)
    at newFn (C:\Users\kajal\OneDrive\Desktop\subscription\backend\node_modules\express-async-errors\index.js:16:20)
    at Layer.handle [as handle_request] (C:\Users\kajal\OneDrive\Desktop\subscription\backend\node_modules\express\lib\router\layer.js:95:5)
    at trim_prefix (C:\Users\kajal\OneDrive\Desktop\subscription\backend\node_modules\express\lib\router\index.js:328:13)
    at C:\Users\kajal\OneDrive\Desktop\subscription\backend\node_modules\express\lib\router\index.js:286:9
    at Function.process_params (C:\Users\kajal\OneDrive\Desktop\subscription\backend\node_modules\express\lib\router\index.js:346:12)
    at next (C:\Users\kajal\OneDrive\Desktop\subscription\backend\node_modules\express\lib\router\index.js:280:10)
2026-05-13 13:51:50 [ERROR]: Error: jwt expired {"url":"/api/dashboard/charts?period=30","method":"GET"}
TokenExpiredError: jwt expired
    at C:\Users\kajal\OneDrive\Desktop\subscription\backend\node_modules\jsonwebtoken\verify.js:190:21
    at getSecret (C:\Users\kajal\OneDrive\Desktop\subscription\backend\node_modules\jsonwebtoken\verify.js:97:14)
    at module.exports [as verify] (C:\Users\kajal\OneDrive\Desktop\subscription\backend\node_modules\jsonwebtoken\verify.js:101:10)
    at authenticate (C:\Users\kajal\OneDrive\Desktop\subscription\backend\src\middleware\auth.js:14:25)
    at newFn (C:\Users\kajal\OneDrive\Desktop\subscription\backend\node_modules\express-async-errors\index.js:16:20)
    at Layer.handle [as handle_request] (C:\Users\kajal\OneDrive\Desktop\subscription\backend\node_modules\express\lib\router\layer.js:95:5)
    at trim_prefix (C:\Users\kajal\OneDrive\Desktop\subscription\backend\node_modules\express\lib\router\index.js:328:13)
    at C:\Users\kajal\OneDrive\Desktop\subscription\backend\node_modules\express\lib\router\index.js:286:9
    at Function.process_params (C:\Users\kajal\OneDrive\Desktop\subscription\backend\node_modules\express\lib\router\index.js:346:12)
    at next (C:\Users\kajal\OneDrive\Desktop\subscription\backend\node_modules\express\lib\router\index.js:280:10)
2026-05-13 13:51:50 [ERROR]: Error: jwt expired {"url":"/api/dashboard/low-stock","method":"GET"}
TokenExpiredError: jwt expired
    at C:\Users\kajal\OneDrive\Desktop\subscription\backend\node_modules\jsonwebtoken\verify.js:190:21
    at getSecret (C:\Users\kajal\OneDrive\Desktop\subscription\backend\node_modules\jsonwebtoken\verify.js:97:14)
    at module.exports [as verify] (C:\Users\kajal\OneDrive\Desktop\subscription\backend\node_modules\jsonwebtoken\verify.js:101:10)
    at authenticate (C:\Users\kajal\OneDrive\Desktop\subscription\backend\src\middleware\auth.js:14:25)
    at newFn (C:\Users\kajal\OneDrive\Desktop\subscription\backend\node_modules\express-async-errors\index.js:16:20)
    at Layer.handle [as handle_request] (C:\Users\kajal\OneDrive\Desktop\subscription\backend\node_modules\express\lib\router\layer.js:95:5)
    at trim_prefix (C:\Users\kajal\OneDrive\Desktop\subscription\backend\node_modules\express\lib\router\index.js:328:13)
    at C:\Users\kajal\OneDrive\Desktop\subscription\backend\node_modules\express\lib\router\index.js:286:9
    at Function.process_params (C:\Users\kajal\OneDrive\Desktop\subscription\backend\node_modules\express\lib\router\index.js:346:12)
    at next (C:\Users\kajal\OneDrive\Desktop\subscription\backend\node_modules\express\lib\router\index.js:280:10)
2026-05-13 13:51:50 [ERROR]: Error: jwt expired {"url":"/api/dashboard/production-timeline","method":"GET"}
TokenExpiredError: jwt expired
    at C:\Users\kajal\OneDrive\Desktop\subscription\backend\node_modules\jsonwebtoken\verify.js:190:21
    at getSecret (C:\Users\kajal\OneDrive\Desktop\subscription\backend\node_modules\jsonwebtoken\verify.js:97:14)
    at module.exports [as verify] (C:\Users\kajal\OneDrive\Desktop\subscription\backend\node_modules\jsonwebtoken\verify.js:101:10)
    at authenticate (C:\Users\kajal\OneDrive\Desktop\subscription\backend\src\middleware\auth.js:14:25)
    at newFn (C:\Users\kajal\OneDrive\Desktop\subscription\backend\node_modules\express-async-errors\index.js:16:20)
    at Layer.handle [as handle_request] (C:\Users\kajal\OneDrive\Desktop\subscription\backend\node_modules\express\lib\router\layer.js:95:5)
    at trim_prefix (C:\Users\kajal\OneDrive\Desktop\subscription\backend\node_modules\express\lib\router\index.js:328:13)
    at C:\Users\kajal\OneDrive\Desktop\subscription\backend\node_modules\express\lib\router\index.js:286:9
    at Function.process_params (C:\Users\kajal\OneDrive\Desktop\subscription\backend\node_modules\express\lib\router\index.js:346:12)
    at next (C:\Users\kajal\OneDrive\Desktop\subscription\backend\node_modules\express\lib\router\index.js:280:10)
2026-05-13 14:06:48 [ERROR]: Database query error relation "inventory_ledger" does not exist {"query":"SELECT COUNT(*)::int AS count FROM inventory_ledger il WHERE il.company_id = $1"}
2026-05-13 14:06:48 [ERROR]: Error: relation "inventory_ledger" does not exist {"url":"/api/ledger?page=1&limit=50","method":"GET","userId":"cfc2c2df-0ca8-4f06-a42e-d98f24e0e562","companyId":"8cf84328-5d58-432e-b0c8-3c661d0344e7"}
error: relation "inventory_ledger" does not exist
    at C:\Users\kajal\OneDrive\Desktop\subscription\backend\node_modules\pg-pool\index.js:45:11
    at process.processTicksAndRejections (node:internal/process/task_queues:105:5)
    at async query (C:\Users\kajal\OneDrive\Desktop\subscription\backend\src\config\database.js:123:17)
    at async Promise.all (index 1)
    at async getEntries (C:\Users\kajal\OneDrive\Desktop\subscription\backend\src\controllers\ledger.controller.js:33:33)
2026-05-13 14:06:48 [ERROR]: Database query error relation "inventory_ledger" does not exist {"query":"SELECT\n           il.*,\n           m.name  AS material_name,  m.code AS material_code,\n           p.name  AS product_name,   p.code AS product_code,\n           pv.sku  AS variant_sku,    pv.name AS variant_name,\n           w.name  AS warehouse_name,\n           u.first_name || ' ' || u.last_name AS performed_by_name\n         FROM inventory_ledger il\n         LEFT JOIN materials         m  ON m.id  = il.material_id\n         LEFT JOIN products          p  ON p.id  = il.product_id\n         LEFT JOIN product_variants  pv ON pv.id = il.variant_id\n         LEFT JOIN warehouses        w  ON w.id  = il.warehouse_id\n         LEFT JOIN users             u  ON u.id  = il.performed_by\n         WHERE il.company_id = $1\n         ORDER BY il.created_at DESC\n         LIMIT $2 OFFSET $3"}
2026-05-13 14:06:49 [ERROR]: Database query error relation "inventory_ledger" does not exist {"query":"SELECT\n         movement_type,\n         COUNT(*)::int AS count,\n         SUM(ABS(quantity))::numeric AS total_quantity\n       FROM inventory_ledger\n       WHERE company_id=$1\n         AND created_at >= NOW() - INTERVAL '1 day' * $2\n       GROUP BY movement_type\n       ORDER BY total_quantity DESC"}
2026-05-13 14:06:49 [ERROR]: Error: relation "inventory_ledger" does not exist {"url":"/api/ledger/movement-summary?days=30","method":"GET","userId":"cfc2c2df-0ca8-4f06-a42e-d98f24e0e562","companyId":"8cf84328-5d58-432e-b0c8-3c661d0344e7"}
error: relation "inventory_ledger" does not exist
    at C:\Users\kajal\OneDrive\Desktop\subscription\backend\node_modules\pg-pool\index.js:45:11
    at process.processTicksAndRejections (node:internal/process/task_queues:105:5)
    at async query (C:\Users\kajal\OneDrive\Desktop\subscription\backend\src\config\database.js:123:17)
    at async getMovementSummary (C:\Users\kajal\OneDrive\Desktop\subscription\backend\src\controllers\ledger.controller.js:252:20)
2026-05-13 14:06:50 [ERROR]: Database query error relation "inventory_ledger" does not exist {"query":"SELECT\n           il.*,\n           m.name  AS material_name,  m.code AS material_code,\n           p.name  AS product_name,   p.code AS product_code,\n           pv.sku  AS variant_sku,    pv.name AS variant_name,\n           w.name  AS warehouse_name,\n           u.first_name || ' ' || u.last_name AS performed_by_name\n         FROM inventory_ledger il\n         LEFT JOIN materials         m  ON m.id  = il.material_id\n         LEFT JOIN products          p  ON p.id  = il.product_id\n         LEFT JOIN product_variants  pv ON pv.id = il.variant_id\n         LEFT JOIN warehouses        w  ON w.id  = il.warehouse_id\n         LEFT JOIN users             u  ON u.id  = il.performed_by\n         WHERE il.company_id = $1\n         ORDER BY il.created_at DESC\n         LIMIT $2 OFFSET $3"}
2026-05-13 14:06:50 [ERROR]: Error: relation "inventory_ledger" does not exist {"url":"/api/ledger?page=1&limit=50","method":"GET","userId":"cfc2c2df-0ca8-4f06-a42e-d98f24e0e562","companyId":"8cf84328-5d58-432e-b0c8-3c661d0344e7"}
error: relation "inventory_ledger" does not exist
    at C:\Users\kajal\OneDrive\Desktop\subscription\backend\node_modules\pg-pool\index.js:45:11
    at process.processTicksAndRejections (node:internal/process/task_queues:105:5)
    at async query (C:\Users\kajal\OneDrive\Desktop\subscription\backend\src\config\database.js:123:17)
    at async Promise.all (index 0)
    at async getEntries (C:\Users\kajal\OneDrive\Desktop\subscription\backend\src\controllers\ledger.controller.js:33:33)
2026-05-13 14:06:50 [ERROR]: Database query error relation "inventory_ledger" does not exist {"query":"SELECT COUNT(*)::int AS count FROM inventory_ledger il WHERE il.company_id = $1"}
2026-05-13 14:06:50 [ERROR]: Database query error relation "inventory_ledger" does not exist {"query":"SELECT\n         movement_type,\n         COUNT(*)::int AS count,\n         SUM(ABS(quantity))::numeric AS total_quantity\n       FROM inventory_ledger\n       WHERE company_id=$1\n         AND created_at >= NOW() - INTERVAL '1 day' * $2\n       GROUP BY movement_type\n       ORDER BY total_quantity DESC"}
2026-05-13 14:06:50 [ERROR]: Error: relation "inventory_ledger" does not exist {"url":"/api/ledger/movement-summary?days=30","method":"GET","userId":"cfc2c2df-0ca8-4f06-a42e-d98f24e0e562","companyId":"8cf84328-5d58-432e-b0c8-3c661d0344e7"}
error: relation "inventory_ledger" does not exist
    at C:\Users\kajal\OneDrive\Desktop\subscription\backend\node_modules\pg-pool\index.js:45:11
    at process.processTicksAndRejections (node:internal/process/task_queues:105:5)
    at async query (C:\Users\kajal\OneDrive\Desktop\subscription\backend\src\config\database.js:123:17)
    at async getMovementSummary (C:\Users\kajal\OneDrive\Desktop\subscription\backend\src\controllers\ledger.controller.js:252:20)
2026-05-13 14:06:55 [ERROR]: Database query error column c.outstanding_amount does not exist {"query":"SELECT c.id, c.name, c.code, c.phone, c.email,\n                c.credit_limit, c.outstanding_amount, c.overdue_amount,\n                c.last_payment_date, c.order_blocking_enabled,\n                CASE WHEN c.credit_limit > 0\n                  THEN ROUND(c.outstanding_amount / c.credit_limit * 100, 1)\n                  ELSE 0 END AS utilization_pct\n         FROM customers c\n         WHERE c.company_id=$1 AND c.deleted_at IS NULL AND c.outstanding_amount > 0\n         ORDER BY c.outstanding_amount DESC\n         LIMIT $2 OFFSET $3"}
2026-05-13 14:06:55 [ERROR]: Error: column c.outstanding_amount does not exist {"url":"/api/credit/outstanding?page=1&limit=25","method":"GET","userId":"cfc2c2df-0ca8-4f06-a42e-d98f24e0e562","companyId":"8cf84328-5d58-432e-b0c8-3c661d0344e7"}
error: column c.outstanding_amount does not exist
    at C:\Users\kajal\OneDrive\Desktop\subscription\backend\node_modules\pg-pool\index.js:45:11
    at process.processTicksAndRejections (node:internal/process/task_queues:105:5)
    at async query (C:\Users\kajal\OneDrive\Desktop\subscription\backend\src\config\database.js:123:17)
    at async Promise.all (index 0)
    at async getOutstandingList (C:\Users\kajal\OneDrive\Desktop\subscription\backend\src\controllers\credit.controller.js:81:43)
2026-05-13 14:06:55 [ERROR]: Database query error column c.outstanding_amount does not exist {"query":"SELECT COUNT(*)::int AS count FROM customers c WHERE c.company_id=$1 AND c.deleted_at IS NULL AND c.outstanding_amount > 0"}
2026-05-13 14:06:55 [ERROR]: Database query error column "outstanding_amount" does not exist {"query":"SELECT\n           COALESCE(SUM(outstanding_amount),0)::numeric AS total_outstanding,\n           COALESCE(SUM(overdue_amount),0)::numeric     AS total_overdue,\n           COUNT(*) FILTER (WHERE overdue_amount > 0)::int AS overdue_customers\n         FROM customers c WHERE c.company_id=$1 AND c.deleted_at IS NULL AND c.outstanding_amount > 0"}
2026-05-13 14:06:56 [ERROR]: Database query error column c.outstanding_amount does not exist {"query":"SELECT c.id, c.name, c.code, c.phone, c.email,\n                c.credit_limit, c.outstanding_amount, c.overdue_amount,\n                c.last_payment_date, c.order_blocking_enabled,\n                CASE WHEN c.credit_limit > 0\n                  THEN ROUND(c.outstanding_amount / c.credit_limit * 100, 1)\n                  ELSE 0 END AS utilization_pct\n         FROM customers c\n         WHERE c.company_id=$1 AND c.deleted_at IS NULL AND c.outstanding_amount > 0\n         ORDER BY c.outstanding_amount DESC\n         LIMIT $2 OFFSET $3"}
2026-05-13 14:06:56 [ERROR]: Error: column c.outstanding_amount does not exist {"url":"/api/credit/outstanding?page=1&limit=25","method":"GET","userId":"cfc2c2df-0ca8-4f06-a42e-d98f24e0e562","companyId":"8cf84328-5d58-432e-b0c8-3c661d0344e7"}
error: column c.outstanding_amount does not exist
    at C:\Users\kajal\OneDrive\Desktop\subscription\backend\node_modules\pg-pool\index.js:45:11
    at process.processTicksAndRejections (node:internal/process/task_queues:105:5)
    at async query (C:\Users\kajal\OneDrive\Desktop\subscription\backend\src\config\database.js:123:17)
    at async Promise.all (index 0)
    at async getOutstandingList (C:\Users\kajal\OneDrive\Desktop\subscription\backend\src\controllers\credit.controller.js:81:43)
2026-05-13 14:06:56 [ERROR]: Database query error column "outstanding_amount" does not exist {"query":"SELECT\n           COALESCE(SUM(outstanding_amount),0)::numeric AS total_outstanding,\n           COALESCE(SUM(overdue_amount),0)::numeric     AS total_overdue,\n           COUNT(*) FILTER (WHERE overdue_amount > 0)::int AS overdue_customers\n         FROM customers c WHERE c.company_id=$1 AND c.deleted_at IS NULL AND c.outstanding_amount > 0"}
2026-05-13 14:06:57 [ERROR]: Database query error column c.outstanding_amount does not exist {"query":"SELECT COUNT(*)::int AS count FROM customers c WHERE c.company_id=$1 AND c.deleted_at IS NULL AND c.outstanding_amount > 0"}
2026-05-13 14:07:14 [ERROR]: Error: jwt expired {"url":"/api/reports/production?startDate=&endDate=&status=","method":"GET"}
TokenExpiredError: jwt expired
    at C:\Users\kajal\OneDrive\Desktop\subscription\backend\node_modules\jsonwebtoken\verify.js:190:21
    at getSecret (C:\Users\kajal\OneDrive\Desktop\subscription\backend\node_modules\jsonwebtoken\verify.js:97:14)
    at module.exports [as verify] (C:\Users\kajal\OneDrive\Desktop\subscription\backend\node_modules\jsonwebtoken\verify.js:101:10)
    at authenticate (C:\Users\kajal\OneDrive\Desktop\subscription\backend\src\middleware\auth.js:14:25)
    at newFn (C:\Users\kajal\OneDrive\Desktop\subscription\backend\node_modules\express-async-errors\index.js:16:20)
    at Layer.handle [as handle_request] (C:\Users\kajal\OneDrive\Desktop\subscription\backend\node_modules\express\lib\router\layer.js:95:5)
    at trim_prefix (C:\Users\kajal\OneDrive\Desktop\subscription\backend\node_modules\express\lib\router\index.js:328:13)
    at C:\Users\kajal\OneDrive\Desktop\subscription\backend\node_modules\express\lib\router\index.js:286:9
    at Function.process_params (C:\Users\kajal\OneDrive\Desktop\subscription\backend\node_modules\express\lib\router\index.js:346:12)
    at next (C:\Users\kajal\OneDrive\Desktop\subscription\backend\node_modules\express\lib\router\index.js:280:10)
2026-05-13 14:19:53 [ERROR]: Database query error relation "product_attributes" does not exist {"query":"SELECT a.*,\n              COALESCE(\n                json_agg(\n                  json_build_object(\n                    'id', av.id, 'value', av.value,\n                    'display_name', av.display_name,\n                    'color_hex', av.color_hex,\n                    'sort_order', av.sort_order,\n                    'is_active', av.is_active\n                  ) ORDER BY av.sort_order, av.value\n                ) FILTER (WHERE av.id IS NOT NULL), '[]'\n              ) AS values\n       FROM product_attributes a\n       LEFT JOIN product_attribute_values av ON av.attribute_id = a.id AND av.is_active = TRUE\n       WHERE a.company_id = $1 AND a.is_active = TRUE\n       GROUP BY a.id\n       ORDER BY a.sort_order, a.name"}
2026-05-13 14:19:53 [ERROR]: Error: relation "product_attributes" does not exist {"url":"/api/variants/attributes","method":"GET","userId":"cfc2c2df-0ca8-4f06-a42e-d98f24e0e562","companyId":"8cf84328-5d58-432e-b0c8-3c661d0344e7"}
error: relation "product_attributes" does not exist
    at C:\Users\kajal\OneDrive\Desktop\subscription\backend\node_modules\pg-pool\index.js:45:11
    at process.processTicksAndRejections (node:internal/process/task_queues:105:5)
    at async query (C:\Users\kajal\OneDrive\Desktop\subscription\backend\src\config\database.js:123:17)
    at async getAttributes (C:\Users\kajal\OneDrive\Desktop\subscription\backend\src\controllers\variant.controller.js:9:20)
2026-05-13 14:19:54 [ERROR]: Database query error relation "product_attributes" does not exist {"query":"SELECT a.*,\n              COALESCE(\n                json_agg(\n                  json_build_object(\n                    'id', av.id, 'value', av.value,\n                    'display_name', av.display_name,\n                    'color_hex', av.color_hex,\n                    'sort_order', av.sort_order,\n                    'is_active', av.is_active\n                  ) ORDER BY av.sort_order, av.value\n                ) FILTER (WHERE av.id IS NOT NULL), '[]'\n              ) AS values\n       FROM product_attributes a\n       LEFT JOIN product_attribute_values av ON av.attribute_id = a.id AND av.is_active = TRUE\n       WHERE a.company_id = $1 AND a.is_active = TRUE\n       GROUP BY a.id\n       ORDER BY a.sort_order, a.name"}
2026-05-13 14:19:54 [ERROR]: Error: relation "product_attributes" does not exist {"url":"/api/variants/attributes","method":"GET","userId":"cfc2c2df-0ca8-4f06-a42e-d98f24e0e562","companyId":"8cf84328-5d58-432e-b0c8-3c661d0344e7"}
error: relation "product_attributes" does not exist
    at C:\Users\kajal\OneDrive\Desktop\subscription\backend\node_modules\pg-pool\index.js:45:11
    at process.processTicksAndRejections (node:internal/process/task_queues:105:5)
    at async query (C:\Users\kajal\OneDrive\Desktop\subscription\backend\src\config\database.js:123:17)
    at async getAttributes (C:\Users\kajal\OneDrive\Desktop\subscription\backend\src\controllers\variant.controller.js:9:20)
2026-05-13 14:20:13 [ERROR]: Database query error relation "product_attributes" does not exist {"query":"SELECT a.*,\n              COALESCE(\n                json_agg(\n                  json_build_object(\n                    'id', av.id, 'value', av.value,\n                    'display_name', av.display_name,\n                    'color_hex', av.color_hex,\n                    'sort_order', av.sort_order,\n                    'is_active', av.is_active\n                  ) ORDER BY av.sort_order, av.value\n                ) FILTER (WHERE av.id IS NOT NULL), '[]'\n              ) AS values\n       FROM product_attributes a\n       LEFT JOIN product_attribute_values av ON av.attribute_id = a.id AND av.is_active = TRUE\n       WHERE a.company_id = $1 AND a.is_active = TRUE\n       GROUP BY a.id\n       ORDER BY a.sort_order, a.name"}
2026-05-13 14:20:13 [ERROR]: Error: relation "product_attributes" does not exist {"url":"/api/variants/attributes","method":"GET","userId":"cfc2c2df-0ca8-4f06-a42e-d98f24e0e562","companyId":"8cf84328-5d58-432e-b0c8-3c661d0344e7"}
error: relation "product_attributes" does not exist
    at C:\Users\kajal\OneDrive\Desktop\subscription\backend\node_modules\pg-pool\index.js:45:11
    at process.processTicksAndRejections (node:internal/process/task_queues:105:5)
    at async query (C:\Users\kajal\OneDrive\Desktop\subscription\backend\src\config\database.js:123:17)
    at async getAttributes (C:\Users\kajal\OneDrive\Desktop\subscription\backend\src\controllers\variant.controller.js:9:20)
2026-05-13 14:20:15 [ERROR]: Database query error relation "product_attributes" does not exist {"query":"SELECT a.*,\n              COALESCE(\n                json_agg(\n                  json_build_object(\n                    'id', av.id, 'value', av.value,\n                    'display_name', av.display_name,\n                    'color_hex', av.color_hex,\n                    'sort_order', av.sort_order,\n                    'is_active', av.is_active\n                  ) ORDER BY av.sort_order, av.value\n                ) FILTER (WHERE av.id IS NOT NULL), '[]'\n              ) AS values\n       FROM product_attributes a\n       LEFT JOIN product_attribute_values av ON av.attribute_id = a.id AND av.is_active = TRUE\n       WHERE a.company_id = $1 AND a.is_active = TRUE\n       GROUP BY a.id\n       ORDER BY a.sort_order, a.name"}
2026-05-13 14:20:15 [ERROR]: Error: relation "product_attributes" does not exist {"url":"/api/variants/attributes","method":"GET","userId":"cfc2c2df-0ca8-4f06-a42e-d98f24e0e562","companyId":"8cf84328-5d58-432e-b0c8-3c661d0344e7"}
error: relation "product_attributes" does not exist
    at C:\Users\kajal\OneDrive\Desktop\subscription\backend\node_modules\pg-pool\index.js:45:11
    at process.processTicksAndRejections (node:internal/process/task_queues:105:5)
    at async query (C:\Users\kajal\OneDrive\Desktop\subscription\backend\src\config\database.js:123:17)
    at async getAttributes (C:\Users\kajal\OneDrive\Desktop\subscription\backend\src\controllers\variant.controller.js:9:20)
2026-05-13 14:20:25 [ERROR]: Database query error relation "product_attributes" does not exist {"query":"SELECT a.*,\n              COALESCE(\n                json_agg(\n                  json_build_object(\n                    'id', av.id, 'value', av.value,\n                    'display_name', av.display_name,\n                    'color_hex', av.color_hex,\n                    'sort_order', av.sort_order,\n                    'is_active', av.is_active\n                  ) ORDER BY av.sort_order, av.value\n                ) FILTER (WHERE av.id IS NOT NULL), '[]'\n              ) AS values\n       FROM product_attributes a\n       LEFT JOIN product_attribute_values av ON av.attribute_id = a.id AND av.is_active = TRUE\n       WHERE a.company_id = $1 AND a.is_active = TRUE\n       GROUP BY a.id\n       ORDER BY a.sort_order, a.name"}
2026-05-13 14:20:25 [ERROR]: Error: relation "product_attributes" does not exist {"url":"/api/variants/attributes","method":"GET","userId":"cfc2c2df-0ca8-4f06-a42e-d98f24e0e562","companyId":"8cf84328-5d58-432e-b0c8-3c661d0344e7"}
error: relation "product_attributes" does not exist
    at C:\Users\kajal\OneDrive\Desktop\subscription\backend\node_modules\pg-pool\index.js:45:11
    at process.processTicksAndRejections (node:internal/process/task_queues:105:5)
    at async query (C:\Users\kajal\OneDrive\Desktop\subscription\backend\src\config\database.js:123:17)
    at async getAttributes (C:\Users\kajal\OneDrive\Desktop\subscription\backend\src\controllers\variant.controller.js:9:20)
2026-05-13 14:20:26 [ERROR]: Database query error relation "product_attributes" does not exist {"query":"SELECT a.*,\n              COALESCE(\n                json_agg(\n                  json_build_object(\n                    'id', av.id, 'value', av.value,\n                    'display_name', av.display_name,\n                    'color_hex', av.color_hex,\n                    'sort_order', av.sort_order,\n                    'is_active', av.is_active\n                  ) ORDER BY av.sort_order, av.value\n                ) FILTER (WHERE av.id IS NOT NULL), '[]'\n              ) AS values\n       FROM product_attributes a\n       LEFT JOIN product_attribute_values av ON av.attribute_id = a.id AND av.is_active = TRUE\n       WHERE a.company_id = $1 AND a.is_active = TRUE\n       GROUP BY a.id\n       ORDER BY a.sort_order, a.name"}
2026-05-13 14:20:26 [ERROR]: Error: relation "product_attributes" does not exist {"url":"/api/variants/attributes","method":"GET","userId":"cfc2c2df-0ca8-4f06-a42e-d98f24e0e562","companyId":"8cf84328-5d58-432e-b0c8-3c661d0344e7"}
error: relation "product_attributes" does not exist
    at C:\Users\kajal\OneDrive\Desktop\subscription\backend\node_modules\pg-pool\index.js:45:11
    at process.processTicksAndRejections (node:internal/process/task_queues:105:5)
    at async query (C:\Users\kajal\OneDrive\Desktop\subscription\backend\src\config\database.js:123:17)
    at async getAttributes (C:\Users\kajal\OneDrive\Desktop\subscription\backend\src\controllers\variant.controller.js:9:20)
2026-05-13 14:21:48 [ERROR]: Database query error column so.warehouse_id does not exist {"query":"SELECT so.*,\n                c.name  AS customer_name,\n                c.phone AS customer_phone,\n                w.name  AS warehouse_name,\n                (SELECT COUNT(*)::int FROM sales_order_items WHERE sales_order_id=so.id) AS item_count\n         \n      FROM sales_orders so\n      LEFT JOIN customers c ON c.id = so.customer_id\n      LEFT JOIN warehouses w ON w.id = so.warehouse_id\n      WHERE so.company_id = $1 AND so.deleted_at IS NULL\n         ORDER BY so.created_at DESC\n         LIMIT $2 OFFSET $3"}
2026-05-13 14:21:48 [ERROR]: Error: column so.warehouse_id does not exist {"url":"/api/sales-orders?page=1&limit=20","method":"GET","userId":"cfc2c2df-0ca8-4f06-a42e-d98f24e0e562","companyId":"8cf84328-5d58-432e-b0c8-3c661d0344e7"}
error: column so.warehouse_id does not exist
    at C:\Users\kajal\OneDrive\Desktop\subscription\backend\node_modules\pg-pool\index.js:45:11
    at process.processTicksAndRejections (node:internal/process/task_queues:105:5)
    at async query (C:\Users\kajal\OneDrive\Desktop\subscription\backend\src\config\database.js:123:17)
    at async Promise.all (index 0)
    at async getAll (C:\Users\kajal\OneDrive\Desktop\subscription\backend\src\controllers\salesorder.controller.js:34:33)
2026-05-13 14:21:48 [ERROR]: Database query error column so.warehouse_id does not exist {"query":"SELECT COUNT(*)::int AS count \n      FROM sales_orders so\n      LEFT JOIN customers c ON c.id = so.customer_id\n      LEFT JOIN warehouses w ON w.id = so.warehouse_id\n      WHERE so.company_id = $1 AND so.deleted_at IS NULL"}
2026-05-13 14:21:49 [ERROR]: Database query error column so.warehouse_id does not exist {"query":"SELECT so.*,\n                c.name  AS customer_name,\n                c.phone AS customer_phone,\n                w.name  AS warehouse_name,\n                (SELECT COUNT(*)::int FROM sales_order_items WHERE sales_order_id=so.id) AS item_count\n         \n      FROM sales_orders so\n      LEFT JOIN customers c ON c.id = so.customer_id\n      LEFT JOIN warehouses w ON w.id = so.warehouse_id\n      WHERE so.company_id = $1 AND so.deleted_at IS NULL\n         ORDER BY so.created_at DESC\n         LIMIT $2 OFFSET $3"}
2026-05-13 14:21:49 [ERROR]: Error: column so.warehouse_id does not exist {"url":"/api/sales-orders?page=1&limit=20","method":"GET","userId":"cfc2c2df-0ca8-4f06-a42e-d98f24e0e562","companyId":"8cf84328-5d58-432e-b0c8-3c661d0344e7"}
error: column so.warehouse_id does not exist
    at C:\Users\kajal\OneDrive\Desktop\subscription\backend\node_modules\pg-pool\index.js:45:11
    at process.processTicksAndRejections (node:internal/process/task_queues:105:5)
    at async query (C:\Users\kajal\OneDrive\Desktop\subscription\backend\src\config\database.js:123:17)
    at async Promise.all (index 0)
    at async getAll (C:\Users\kajal\OneDrive\Desktop\subscription\backend\src\controllers\salesorder.controller.js:34:33)
2026-05-13 14:21:49 [ERROR]: Database query error column so.warehouse_id does not exist {"query":"SELECT COUNT(*)::int AS count \n      FROM sales_orders so\n      LEFT JOIN customers c ON c.id = so.customer_id\n      LEFT JOIN warehouses w ON w.id = so.warehouse_id\n      WHERE so.company_id = $1 AND so.deleted_at IS NULL"}
2026-05-13 14:22:14 [ERROR]: Error: jwt expired {"url":"/api/dispatches?page=1&limit=20&search=&status=","method":"GET"}
TokenExpiredError: jwt expired
    at C:\Users\kajal\OneDrive\Desktop\subscription\backend\node_modules\jsonwebtoken\verify.js:190:21
    at getSecret (C:\Users\kajal\OneDrive\Desktop\subscription\backend\node_modules\jsonwebtoken\verify.js:97:14)
    at module.exports [as verify] (C:\Users\kajal\OneDrive\Desktop\subscription\backend\node_modules\jsonwebtoken\verify.js:101:10)
    at authenticate (C:\Users\kajal\OneDrive\Desktop\subscription\backend\src\middleware\auth.js:14:25)
    at newFn (C:\Users\kajal\OneDrive\Desktop\subscription\backend\node_modules\express-async-errors\index.js:16:20)
    at Layer.handle [as handle_request] (C:\Users\kajal\OneDrive\Desktop\subscription\backend\node_modules\express\lib\router\layer.js:95:5)
    at trim_prefix (C:\Users\kajal\OneDrive\Desktop\subscription\backend\node_modules\express\lib\router\index.js:328:13)
    at C:\Users\kajal\OneDrive\Desktop\subscription\backend\node_modules\express\lib\router\index.js:286:9
    at Function.process_params (C:\Users\kajal\OneDrive\Desktop\subscription\backend\node_modules\express\lib\router\index.js:346:12)
    at next (C:\Users\kajal\OneDrive\Desktop\subscription\backend\node_modules\express\lib\router\index.js:280:10)
2026-05-13 14:22:25 [ERROR]: Database query error relation "inventory_ledger" does not exist {"query":"SELECT\n         movement_type,\n         COUNT(*)::int AS count,\n         SUM(ABS(quantity))::numeric AS total_quantity\n       FROM inventory_ledger\n       WHERE company_id=$1\n         AND created_at >= NOW() - INTERVAL '1 day' * $2\n       GROUP BY movement_type\n       ORDER BY total_quantity DESC"}
2026-05-13 14:22:25 [ERROR]: Error: relation "inventory_ledger" does not exist {"url":"/api/ledger/movement-summary?days=30","method":"GET","userId":"cfc2c2df-0ca8-4f06-a42e-d98f24e0e562","companyId":"8cf84328-5d58-432e-b0c8-3c661d0344e7"}
error: relation "inventory_ledger" does not exist
    at C:\Users\kajal\OneDrive\Desktop\subscription\backend\node_modules\pg-pool\index.js:45:11
    at process.processTicksAndRejections (node:internal/process/task_queues:105:5)
    at async query (C:\Users\kajal\OneDrive\Desktop\subscription\backend\src\config\database.js:123:17)
    at async getMovementSummary (C:\Users\kajal\OneDrive\Desktop\subscription\backend\src\controllers\ledger.controller.js:252:20)
2026-05-13 14:22:25 [ERROR]: Database query error relation "inventory_ledger" does not exist {"query":"SELECT\n           il.*,\n           m.name  AS material_name,  m.code AS material_code,\n           p.name  AS product_name,   p.code AS product_code,\n           pv.sku  AS variant_sku,    pv.name AS variant_name,\n           w.name  AS warehouse_name,\n           u.first_name || ' ' || u.last_name AS performed_by_name\n         FROM inventory_ledger il\n         LEFT JOIN materials         m  ON m.id  = il.material_id\n         LEFT JOIN products          p  ON p.id  = il.product_id\n         LEFT JOIN product_variants  pv ON pv.id = il.variant_id\n         LEFT JOIN warehouses        w  ON w.id  = il.warehouse_id\n         LEFT JOIN users             u  ON u.id  = il.performed_by\n         WHERE il.company_id = $1\n         ORDER BY il.created_at DESC\n         LIMIT $2 OFFSET $3"}
2026-05-13 14:22:25 [ERROR]: Error: relation "inventory_ledger" does not exist {"url":"/api/ledger?page=1&limit=50","method":"GET","userId":"cfc2c2df-0ca8-4f06-a42e-d98f24e0e562","companyId":"8cf84328-5d58-432e-b0c8-3c661d0344e7"}
error: relation "inventory_ledger" does not exist
    at C:\Users\kajal\OneDrive\Desktop\subscription\backend\node_modules\pg-pool\index.js:45:11
    at process.processTicksAndRejections (node:internal/process/task_queues:105:5)
    at async query (C:\Users\kajal\OneDrive\Desktop\subscription\backend\src\config\database.js:123:17)
    at async Promise.all (index 0)
    at async getEntries (C:\Users\kajal\OneDrive\Desktop\subscription\backend\src\controllers\ledger.controller.js:33:33)
2026-05-13 14:22:25 [ERROR]: Database query error relation "inventory_ledger" does not exist {"query":"SELECT COUNT(*)::int AS count FROM inventory_ledger il WHERE il.company_id = $1"}
2026-05-13 14:22:26 [ERROR]: Database query error relation "inventory_ledger" does not exist {"query":"SELECT\n         movement_type,\n         COUNT(*)::int AS count,\n         SUM(ABS(quantity))::numeric AS total_quantity\n       FROM inventory_ledger\n       WHERE company_id=$1\n         AND created_at >= NOW() - INTERVAL '1 day' * $2\n       GROUP BY movement_type\n       ORDER BY total_quantity DESC"}
2026-05-13 14:22:26 [ERROR]: Error: relation "inventory_ledger" does not exist {"url":"/api/ledger/movement-summary?days=30","method":"GET","userId":"cfc2c2df-0ca8-4f06-a42e-d98f24e0e562","companyId":"8cf84328-5d58-432e-b0c8-3c661d0344e7"}
error: relation "inventory_ledger" does not exist
    at C:\Users\kajal\OneDrive\Desktop\subscription\backend\node_modules\pg-pool\index.js:45:11
    at process.processTicksAndRejections (node:internal/process/task_queues:105:5)
    at async query (C:\Users\kajal\OneDrive\Desktop\subscription\backend\src\config\database.js:123:17)
    at async getMovementSummary (C:\Users\kajal\OneDrive\Desktop\subscription\backend\src\controllers\ledger.controller.js:252:20)
2026-05-13 14:22:26 [ERROR]: Database query error relation "inventory_ledger" does not exist {"query":"SELECT\n           il.*,\n           m.name  AS material_name,  m.code AS material_code,\n           p.name  AS product_name,   p.code AS product_code,\n           pv.sku  AS variant_sku,    pv.name AS variant_name,\n           w.name  AS warehouse_name,\n           u.first_name || ' ' || u.last_name AS performed_by_name\n         FROM inventory_ledger il\n         LEFT JOIN materials         m  ON m.id  = il.material_id\n         LEFT JOIN products          p  ON p.id  = il.product_id\n         LEFT JOIN product_variants  pv ON pv.id = il.variant_id\n         LEFT JOIN warehouses        w  ON w.id  = il.warehouse_id\n         LEFT JOIN users             u  ON u.id  = il.performed_by\n         WHERE il.company_id = $1\n         ORDER BY il.created_at DESC\n         LIMIT $2 OFFSET $3"}
2026-05-13 14:22:26 [ERROR]: Error: relation "inventory_ledger" does not exist {"url":"/api/ledger?page=1&limit=50","method":"GET","userId":"cfc2c2df-0ca8-4f06-a42e-d98f24e0e562","companyId":"8cf84328-5d58-432e-b0c8-3c661d0344e7"}
error: relation "inventory_ledger" does not exist
    at C:\Users\kajal\OneDrive\Desktop\subscription\backend\node_modules\pg-pool\index.js:45:11
    at process.processTicksAndRejections (node:internal/process/task_queues:105:5)
    at async query (C:\Users\kajal\OneDrive\Desktop\subscription\backend\src\config\database.js:123:17)
    at async Promise.all (index 0)
    at async getEntries (C:\Users\kajal\OneDrive\Desktop\subscription\backend\src\controllers\ledger.controller.js:33:33)
2026-05-13 14:22:27 [ERROR]: Database query error relation "inventory_ledger" does not exist {"query":"SELECT COUNT(*)::int AS count FROM inventory_ledger il WHERE il.company_id = $1"}
2026-05-13 14:22:39 [ERROR]: Database query error relation "inventory_ledger" does not exist {"query":"SELECT\n           il.*,\n           m.name  AS material_name,  m.code AS material_code,\n           p.name  AS product_name,   p.code AS product_code,\n           pv.sku  AS variant_sku,    pv.name AS variant_name,\n           w.name  AS warehouse_name,\n           u.first_name || ' ' || u.last_name AS performed_by_name\n         FROM inventory_ledger il\n         LEFT JOIN materials         m  ON m.id  = il.material_id\n         LEFT JOIN products          p  ON p.id  = il.product_id\n         LEFT JOIN product_variants  pv ON pv.id = il.variant_id\n         LEFT JOIN warehouses        w  ON w.id  = il.warehouse_id\n         LEFT JOIN users             u  ON u.id  = il.performed_by\n         WHERE il.company_id = $1\n         ORDER BY il.created_at DESC\n         LIMIT $2 OFFSET $3"}
2026-05-13 14:22:39 [ERROR]: Error: relation "inventory_ledger" does not exist {"url":"/api/ledger?page=1&limit=50","method":"GET","userId":"cfc2c2df-0ca8-4f06-a42e-d98f24e0e562","companyId":"8cf84328-5d58-432e-b0c8-3c661d0344e7"}
error: relation "inventory_ledger" does not exist
    at C:\Users\kajal\OneDrive\Desktop\subscription\backend\node_modules\pg-pool\index.js:45:11
    at process.processTicksAndRejections (node:internal/process/task_queues:105:5)
    at async query (C:\Users\kajal\OneDrive\Desktop\subscription\backend\src\config\database.js:123:17)
    at async Promise.all (index 0)
    at async getEntries (C:\Users\kajal\OneDrive\Desktop\subscription\backend\src\controllers\ledger.controller.js:33:33)
2026-05-13 14:22:39 [ERROR]: Database query error relation "inventory_ledger" does not exist {"query":"SELECT COUNT(*)::int AS count FROM inventory_ledger il WHERE il.company_id = $1"}
2026-05-13 14:22:40 [ERROR]: Database query error relation "inventory_ledger" does not exist {"query":"SELECT\n         movement_type,\n         COUNT(*)::int AS count,\n         SUM(ABS(quantity))::numeric AS total_quantity\n       FROM inventory_ledger\n       WHERE company_id=$1\n         AND created_at >= NOW() - INTERVAL '1 day' * $2\n       GROUP BY movement_type\n       ORDER BY total_quantity DESC"}
2026-05-13 14:22:40 [ERROR]: Error: relation "inventory_ledger" does not exist {"url":"/api/ledger/movement-summary?days=30","method":"GET","userId":"cfc2c2df-0ca8-4f06-a42e-d98f24e0e562","companyId":"8cf84328-5d58-432e-b0c8-3c661d0344e7"}
error: relation "inventory_ledger" does not exist
    at C:\Users\kajal\OneDrive\Desktop\subscription\backend\node_modules\pg-pool\index.js:45:11
    at process.processTicksAndRejections (node:internal/process/task_queues:105:5)
    at async query (C:\Users\kajal\OneDrive\Desktop\subscription\backend\src\config\database.js:123:17)
    at async getMovementSummary (C:\Users\kajal\OneDrive\Desktop\subscription\backend\src\controllers\ledger.controller.js:252:20)
2026-05-13 14:22:41 [ERROR]: Database query error relation "inventory_ledger" does not exist {"query":"SELECT\n           il.*,\n           m.name  AS material_name,  m.code AS material_code,\n           p.name  AS product_name,   p.code AS product_code,\n           pv.sku  AS variant_sku,    pv.name AS variant_name,\n           w.name  AS warehouse_name,\n           u.first_name || ' ' || u.last_name AS performed_by_name\n         FROM inventory_ledger il\n         LEFT JOIN materials         m  ON m.id  = il.material_id\n         LEFT JOIN products          p  ON p.id  = il.product_id\n         LEFT JOIN product_variants  pv ON pv.id = il.variant_id\n         LEFT JOIN warehouses        w  ON w.id  = il.warehouse_id\n         LEFT JOIN users             u  ON u.id  = il.performed_by\n         WHERE il.company_id = $1\n         ORDER BY il.created_at DESC\n         LIMIT $2 OFFSET $3"}
2026-05-13 14:22:41 [ERROR]: Error: relation "inventory_ledger" does not exist {"url":"/api/ledger?page=1&limit=50","method":"GET","userId":"cfc2c2df-0ca8-4f06-a42e-d98f24e0e562","companyId":"8cf84328-5d58-432e-b0c8-3c661d0344e7"}
error: relation "inventory_ledger" does not exist
    at C:\Users\kajal\OneDrive\Desktop\subscription\backend\node_modules\pg-pool\index.js:45:11
    at process.processTicksAndRejections (node:internal/process/task_queues:105:5)
    at async query (C:\Users\kajal\OneDrive\Desktop\subscription\backend\src\config\database.js:123:17)
    at async Promise.all (index 0)
    at async getEntries (C:\Users\kajal\OneDrive\Desktop\subscription\backend\src\controllers\ledger.controller.js:33:33)
2026-05-13 14:22:41 [ERROR]: Database query error relation "inventory_ledger" does not exist {"query":"SELECT\n         movement_type,\n         COUNT(*)::int AS count,\n         SUM(ABS(quantity))::numeric AS total_quantity\n       FROM inventory_ledger\n       WHERE company_id=$1\n         AND created_at >= NOW() - INTERVAL '1 day' * $2\n       GROUP BY movement_type\n       ORDER BY total_quantity DESC"}
2026-05-13 14:22:41 [ERROR]: Error: relation "inventory_ledger" does not exist {"url":"/api/ledger/movement-summary?days=30","method":"GET","userId":"cfc2c2df-0ca8-4f06-a42e-d98f24e0e562","companyId":"8cf84328-5d58-432e-b0c8-3c661d0344e7"}
error: relation "inventory_ledger" does not exist
    at C:\Users\kajal\OneDrive\Desktop\subscription\backend\node_modules\pg-pool\index.js:45:11
    at process.processTicksAndRejections (node:internal/process/task_queues:105:5)
    at async query (C:\Users\kajal\OneDrive\Desktop\subscription\backend\src\config\database.js:123:17)
    at async getMovementSummary (C:\Users\kajal\OneDrive\Desktop\subscription\backend\src\controllers\ledger.controller.js:252:20)
2026-05-13 14:22:41 [ERROR]: Database query error relation "inventory_ledger" does not exist {"query":"SELECT COUNT(*)::int AS count FROM inventory_ledger il WHERE il.company_id = $1"}
2026-05-13 14:37:35 [ERROR]: Error: jwt expired {"url":"/api/variants/attributes","method":"GET"}
TokenExpiredError: jwt expired
    at C:\Users\kajal\OneDrive\Desktop\subscription\backend\node_modules\jsonwebtoken\verify.js:190:21
    at getSecret (C:\Users\kajal\OneDrive\Desktop\subscription\backend\node_modules\jsonwebtoken\verify.js:97:14)
    at module.exports [as verify] (C:\Users\kajal\OneDrive\Desktop\subscription\backend\node_modules\jsonwebtoken\verify.js:101:10)
    at authenticate (C:\Users\kajal\OneDrive\Desktop\subscription\backend\src\middleware\auth.js:14:25)
    at newFn (C:\Users\kajal\OneDrive\Desktop\subscription\backend\node_modules\express-async-errors\index.js:16:20)
    at Layer.handle [as handle_request] (C:\Users\kajal\OneDrive\Desktop\subscription\backend\node_modules\express\lib\router\layer.js:95:5)
    at trim_prefix (C:\Users\kajal\OneDrive\Desktop\subscription\backend\node_modules\express\lib\router\index.js:328:13)
    at C:\Users\kajal\OneDrive\Desktop\subscription\backend\node_modules\express\lib\router\index.js:286:9
    at Function.process_params (C:\Users\kajal\OneDrive\Desktop\subscription\backend\node_modules\express\lib\router\index.js:346:12)
    at next (C:\Users\kajal\OneDrive\Desktop\subscription\backend\node_modules\express\lib\router\index.js:280:10)
2026-05-13 14:37:36 [ERROR]: Database query error relation "product_attributes" does not exist {"query":"SELECT a.*,\n              COALESCE(\n                json_agg(\n                  json_build_object(\n                    'id', av.id, 'value', av.value,\n                    'display_name', av.display_name,\n                    'color_hex', av.color_hex,\n                    'sort_order', av.sort_order,\n                    'is_active', av.is_active\n                  ) ORDER BY av.sort_order, av.value\n                ) FILTER (WHERE av.id IS NOT NULL), '[]'\n              ) AS values\n       FROM product_attributes a\n       LEFT JOIN product_attribute_values av ON av.attribute_id = a.id AND av.is_active = TRUE\n       WHERE a.company_id = $1 AND a.is_active = TRUE\n       GROUP BY a.id\n       ORDER BY a.sort_order, a.name"}
2026-05-13 14:37:36 [ERROR]: Error: relation "product_attributes" does not exist {"url":"/api/variants/attributes","method":"GET","userId":"cfc2c2df-0ca8-4f06-a42e-d98f24e0e562","companyId":"8cf84328-5d58-432e-b0c8-3c661d0344e7"}
error: relation "product_attributes" does not exist
    at C:\Users\kajal\OneDrive\Desktop\subscription\backend\node_modules\pg-pool\index.js:45:11
    at process.processTicksAndRejections (node:internal/process/task_queues:105:5)
    at async query (C:\Users\kajal\OneDrive\Desktop\subscription\backend\src\config\database.js:123:17)
    at async getAttributes (C:\Users\kajal\OneDrive\Desktop\subscription\backend\src\controllers\variant.controller.js:9:20)
2026-05-13 14:37:38 [ERROR]: Database query error relation "product_attributes" does not exist {"query":"SELECT a.*,\n              COALESCE(\n                json_agg(\n                  json_build_object(\n                    'id', av.id, 'value', av.value,\n                    'display_name', av.display_name,\n                    'color_hex', av.color_hex,\n                    'sort_order', av.sort_order,\n                    'is_active', av.is_active\n                  ) ORDER BY av.sort_order, av.value\n                ) FILTER (WHERE av.id IS NOT NULL), '[]'\n              ) AS values\n       FROM product_attributes a\n       LEFT JOIN product_attribute_values av ON av.attribute_id = a.id AND av.is_active = TRUE\n       WHERE a.company_id = $1 AND a.is_active = TRUE\n       GROUP BY a.id\n       ORDER BY a.sort_order, a.name"}
2026-05-13 14:37:38 [ERROR]: Error: relation "product_attributes" does not exist {"url":"/api/variants/attributes","method":"GET","userId":"cfc2c2df-0ca8-4f06-a42e-d98f24e0e562","companyId":"8cf84328-5d58-432e-b0c8-3c661d0344e7"}
error: relation "product_attributes" does not exist
    at C:\Users\kajal\OneDrive\Desktop\subscription\backend\node_modules\pg-pool\index.js:45:11
    at process.processTicksAndRejections (node:internal/process/task_queues:105:5)
    at async query (C:\Users\kajal\OneDrive\Desktop\subscription\backend\src\config\database.js:123:17)
    at async getAttributes (C:\Users\kajal\OneDrive\Desktop\subscription\backend\src\controllers\variant.controller.js:9:20)
2026-05-13 14:46:25 [ERROR]: Database connection failed: getaddrinfo ENOTFOUND aws-1-ap-northeast-1.pooler.supabase.com {"errno":-3008,"code":"ENOTFOUND","syscall":"getaddrinfo","hostname":"aws-1-ap-northeast-1.pooler.supabase.com"}
Error: getaddrinfo ENOTFOUND aws-1-ap-northeast-1.pooler.supabase.com
    at C:\Users\kajal\OneDrive\Desktop\subscription\backend\node_modules\pg-pool\index.js:45:11
    at process.processTicksAndRejections (node:internal/process/task_queues:105:5)
    at async testConnection (C:\Users\kajal\OneDrive\Desktop\subscription\backend\src\config\database.js:171:17)
    at async tryConnectDB (C:\Users\kajal\OneDrive\Desktop\subscription\backend\src\server.js:32:7)
    at async startServer (C:\Users\kajal\OneDrive\Desktop\subscription\backend\src\server.js:60:16)
2026-05-13 14:50:05 [ERROR]: Email send failed: {"to":"kajal9306174@gmail.com","subject":"389131 — Your IndustrialERP Verification Code","error":"Invalid login: 535-5.7.8 Username and Password not accepted. For more information, go to\n535 5.7.8  https://support.google.com/mail/?p=BadCredentials d2e1a72fcca58-839679c8c1bsm31831060b3a.34 - gsmtp"}
2026-05-13 14:51:30 [ERROR]: Email send failed: {"to":"kajal9306174@gmail.com","subject":"787483 — Your IndustrialERP Verification Code","error":"Invalid login: 535-5.7.8 Username and Password not accepted. For more information, go to\n535 5.7.8  https://support.google.com/mail/?p=BadCredentials d9443c01a7336-2baf1e365a1sm155641855ad.44 - gsmtp"}
2026-05-13 15:03:57 [ERROR]: Error: Invalid OTP. Please check and try again. {"url":"/api/auth/register","method":"POST"}
Error: Invalid OTP. Please check and try again.
    at AuthService.verifyOTP (C:\Users\kajal\OneDrive\Desktop\subscription\backend\src\services\auth.service.js:225:50)
    at AuthService.registerCompany (C:\Users\kajal\OneDrive\Desktop\subscription\backend\src\services\auth.service.js:234:10)
    at register (C:\Users\kajal\OneDrive\Desktop\subscription\backend\src\controllers\auth.controller.js:55:38)
    at newFn (C:\Users\kajal\OneDrive\Desktop\subscription\backend\node_modules\express-async-errors\index.js:16:20)
    at Layer.handle [as handle_request] (C:\Users\kajal\OneDrive\Desktop\subscription\backend\node_modules\express\lib\router\layer.js:95:5)
    at next (C:\Users\kajal\OneDrive\Desktop\subscription\backend\node_modules\express\lib\router\route.js:149:13)
    at middleware (C:\Users\kajal\OneDrive\Desktop\subscription\backend\node_modules\express-validator\lib\middlewares\check.js:16:13)
    at process.processTicksAndRejections (node:internal/process/task_queues:105:5)
2026-05-13 15:21:16 [ERROR]: Error: jwt expired {"url":"/api/notifications/unread-count","method":"GET"}
TokenExpiredError: jwt expired
    at C:\Users\kajal\OneDrive\Desktop\subscription\backend\node_modules\jsonwebtoken\verify.js:190:21
    at getSecret (C:\Users\kajal\OneDrive\Desktop\subscription\backend\node_modules\jsonwebtoken\verify.js:97:14)
    at module.exports [as verify] (C:\Users\kajal\OneDrive\Desktop\subscription\backend\node_modules\jsonwebtoken\verify.js:101:10)
    at authenticate (C:\Users\kajal\OneDrive\Desktop\subscription\backend\src\middleware\auth.js:14:25)
    at newFn (C:\Users\kajal\OneDrive\Desktop\subscription\backend\node_modules\express-async-errors\index.js:16:20)
    at Layer.handle [as handle_request] (C:\Users\kajal\OneDrive\Desktop\subscription\backend\node_modules\express\lib\router\layer.js:95:5)
    at trim_prefix (C:\Users\kajal\OneDrive\Desktop\subscription\backend\node_modules\express\lib\router\index.js:328:13)
    at C:\Users\kajal\OneDrive\Desktop\subscription\backend\node_modules\express\lib\router\index.js:286:9
    at Function.process_params (C:\Users\kajal\OneDrive\Desktop\subscription\backend\node_modules\express\lib\router\index.js:346:12)
    at next (C:\Users\kajal\OneDrive\Desktop\subscription\backend\node_modules\express\lib\router\index.js:280:10)
2026-05-13 15:39:31 [ERROR]: Error: jwt expired {"url":"/api/notifications/unread-count","method":"GET"}
TokenExpiredError: jwt expired
    at C:\Users\kajal\OneDrive\Desktop\subscription\backend\node_modules\jsonwebtoken\verify.js:190:21
    at getSecret (C:\Users\kajal\OneDrive\Desktop\subscription\backend\node_modules\jsonwebtoken\verify.js:97:14)
    at module.exports [as verify] (C:\Users\kajal\OneDrive\Desktop\subscription\backend\node_modules\jsonwebtoken\verify.js:101:10)
    at authenticate (C:\Users\kajal\OneDrive\Desktop\subscription\backend\src\middleware\auth.js:14:25)
    at newFn (C:\Users\kajal\OneDrive\Desktop\subscription\backend\node_modules\express-async-errors\index.js:16:20)
    at Layer.handle [as handle_request] (C:\Users\kajal\OneDrive\Desktop\subscription\backend\node_modules\express\lib\router\layer.js:95:5)
    at trim_prefix (C:\Users\kajal\OneDrive\Desktop\subscription\backend\node_modules\express\lib\router\index.js:328:13)
    at C:\Users\kajal\OneDrive\Desktop\subscription\backend\node_modules\express\lib\router\index.js:286:9
    at Function.process_params (C:\Users\kajal\OneDrive\Desktop\subscription\backend\node_modules\express\lib\router\index.js:346:12)
    at next (C:\Users\kajal\OneDrive\Desktop\subscription\backend\node_modules\express\lib\router\index.js:280:10)
2026-05-13 16:39:26 [ERROR]: Error: jwt expired {"url":"/api/notifications/unread-count","method":"GET"}
TokenExpiredError: jwt expired
    at C:\Users\kajal\OneDrive\Desktop\subscription\backend\node_modules\jsonwebtoken\verify.js:190:21
    at getSecret (C:\Users\kajal\OneDrive\Desktop\subscription\backend\node_modules\jsonwebtoken\verify.js:97:14)
    at module.exports [as verify] (C:\Users\kajal\OneDrive\Desktop\subscription\backend\node_modules\jsonwebtoken\verify.js:101:10)
    at authenticate (C:\Users\kajal\OneDrive\Desktop\subscription\backend\src\middleware\auth.js:14:25)
    at newFn (C:\Users\kajal\OneDrive\Desktop\subscription\backend\node_modules\express-async-errors\index.js:16:20)
    at Layer.handle [as handle_request] (C:\Users\kajal\OneDrive\Desktop\subscription\backend\node_modules\express\lib\router\layer.js:95:5)
    at trim_prefix (C:\Users\kajal\OneDrive\Desktop\subscription\backend\node_modules\express\lib\router\index.js:328:13)
    at C:\Users\kajal\OneDrive\Desktop\subscription\backend\node_modules\express\lib\router\index.js:286:9
    at Function.process_params (C:\Users\kajal\OneDrive\Desktop\subscription\backend\node_modules\express\lib\router\index.js:346:12)
    at next (C:\Users\kajal\OneDrive\Desktop\subscription\backend\node_modules\express\lib\router\index.js:280:10)
2026-05-13 16:39:26 [ERROR]: Error: jwt expired {"url":"/api/dashboard/stats?period=30","method":"GET"}
TokenExpiredError: jwt expired
    at C:\Users\kajal\OneDrive\Desktop\subscription\backend\node_modules\jsonwebtoken\verify.js:190:21
    at getSecret (C:\Users\kajal\OneDrive\Desktop\subscription\backend\node_modules\jsonwebtoken\verify.js:97:14)
    at module.exports [as verify] (C:\Users\kajal\OneDrive\Desktop\subscription\backend\node_modules\jsonwebtoken\verify.js:101:10)
    at authenticate (C:\Users\kajal\OneDrive\Desktop\subscription\backend\src\middleware\auth.js:14:25)
    at newFn (C:\Users\kajal\OneDrive\Desktop\subscription\backend\node_modules\express-async-errors\index.js:16:20)
    at Layer.handle [as handle_request] (C:\Users\kajal\OneDrive\Desktop\subscription\backend\node_modules\express\lib\router\layer.js:95:5)
    at trim_prefix (C:\Users\kajal\OneDrive\Desktop\subscription\backend\node_modules\express\lib\router\index.js:328:13)
    at C:\Users\kajal\OneDrive\Desktop\subscription\backend\node_modules\express\lib\router\index.js:286:9
    at Function.process_params (C:\Users\kajal\OneDrive\Desktop\subscription\backend\node_modules\express\lib\router\index.js:346:12)
    at next (C:\Users\kajal\OneDrive\Desktop\subscription\backend\node_modules\express\lib\router\index.js:280:10)
2026-05-13 16:39:26 [ERROR]: Error: jwt expired {"url":"/api/dashboard/charts?period=30","method":"GET"}
TokenExpiredError: jwt expired
    at C:\Users\kajal\OneDrive\Desktop\subscription\backend\node_modules\jsonwebtoken\verify.js:190:21
    at getSecret (C:\Users\kajal\OneDrive\Desktop\subscription\backend\node_modules\jsonwebtoken\verify.js:97:14)
    at module.exports [as verify] (C:\Users\kajal\OneDrive\Desktop\subscription\backend\node_modules\jsonwebtoken\verify.js:101:10)
    at authenticate (C:\Users\kajal\OneDrive\Desktop\subscription\backend\src\middleware\auth.js:14:25)
    at newFn (C:\Users\kajal\OneDrive\Desktop\subscription\backend\node_modules\express-async-errors\index.js:16:20)
    at Layer.handle [as handle_request] (C:\Users\kajal\OneDrive\Desktop\subscription\backend\node_modules\express\lib\router\layer.js:95:5)
    at trim_prefix (C:\Users\kajal\OneDrive\Desktop\subscription\backend\node_modules\express\lib\router\index.js:328:13)
    at C:\Users\kajal\OneDrive\Desktop\subscription\backend\node_modules\express\lib\router\index.js:286:9
    at Function.process_params (C:\Users\kajal\OneDrive\Desktop\subscription\backend\node_modules\express\lib\router\index.js:346:12)
    at next (C:\Users\kajal\OneDrive\Desktop\subscription\backend\node_modules\express\lib\router\index.js:280:10)
2026-05-13 16:39:27 [ERROR]: Error: jwt expired {"url":"/api/dashboard/low-stock","method":"GET"}
TokenExpiredError: jwt expired
    at C:\Users\kajal\OneDrive\Desktop\subscription\backend\node_modules\jsonwebtoken\verify.js:190:21
    at getSecret (C:\Users\kajal\OneDrive\Desktop\subscription\backend\node_modules\jsonwebtoken\verify.js:97:14)
    at module.exports [as verify] (C:\Users\kajal\OneDrive\Desktop\subscription\backend\node_modules\jsonwebtoken\verify.js:101:10)
    at authenticate (C:\Users\kajal\OneDrive\Desktop\subscription\backend\src\middleware\auth.js:14:25)
    at newFn (C:\Users\kajal\OneDrive\Desktop\subscription\backend\node_modules\express-async-errors\index.js:16:20)
    at Layer.handle [as handle_request] (C:\Users\kajal\OneDrive\Desktop\subscription\backend\node_modules\express\lib\router\layer.js:95:5)
    at trim_prefix (C:\Users\kajal\OneDrive\Desktop\subscription\backend\node_modules\express\lib\router\index.js:328:13)
    at C:\Users\kajal\OneDrive\Desktop\subscription\backend\node_modules\express\lib\router\index.js:286:9
    at Function.process_params (C:\Users\kajal\OneDrive\Desktop\subscription\backend\node_modules\express\lib\router\index.js:346:12)
    at next (C:\Users\kajal\OneDrive\Desktop\subscription\backend\node_modules\express\lib\router\index.js:280:10)
2026-05-13 16:39:27 [ERROR]: Error: jwt expired {"url":"/api/dashboard/production-timeline","method":"GET"}
TokenExpiredError: jwt expired
    at C:\Users\kajal\OneDrive\Desktop\subscription\backend\node_modules\jsonwebtoken\verify.js:190:21
    at getSecret (C:\Users\kajal\OneDrive\Desktop\subscription\backend\node_modules\jsonwebtoken\verify.js:97:14)
    at module.exports [as verify] (C:\Users\kajal\OneDrive\Desktop\subscription\backend\node_modules\jsonwebtoken\verify.js:101:10)
    at authenticate (C:\Users\kajal\OneDrive\Desktop\subscription\backend\src\middleware\auth.js:14:25)
    at newFn (C:\Users\kajal\OneDrive\Desktop\subscription\backend\node_modules\express-async-errors\index.js:16:20)
    at Layer.handle [as handle_request] (C:\Users\kajal\OneDrive\Desktop\subscription\backend\node_modules\express\lib\router\layer.js:95:5)
    at trim_prefix (C:\Users\kajal\OneDrive\Desktop\subscription\backend\node_modules\express\lib\router\index.js:328:13)
    at C:\Users\kajal\OneDrive\Desktop\subscription\backend\node_modules\express\lib\router\index.js:286:9
    at Function.process_params (C:\Users\kajal\OneDrive\Desktop\subscription\backend\node_modules\express\lib\router\index.js:346:12)
    at next (C:\Users\kajal\OneDrive\Desktop\subscription\backend\node_modules\express\lib\router\index.js:280:10)
